C251 COMPILER V5.60.0,  ADC                                                                03/01/22  11:55:55  PAGE 1   


C251 COMPILER V5.60.0, COMPILATION OF MODULE ADC
OBJECT MODULE PLACED IN ..\Output\ADC.obj
COMPILER INVOKED BY: F:\ProgramData\keil5\C251\BIN\C251.EXE ..\CODES\BOARD\ADC.c LARGE INTR2 BROWSE INCDIR(..\CODES\BOAR
                    -D;..\CODES\ALGORITHM;..\CODES\DRIVER;..\CODES\USERS) DEBUG PRINT(.\Listings\ADC.lst) OBJECT(..\Output\ADC.obj) 

stmt  level    source

    1          /*
    2           * @Description  : ADC封装实现
    3           * @Author       : FZU Liao
    4           * @Date         : 2022-01-01 18:18:45
    5           * @LastEditors  : Liao
    6           * @LastEditTime : 2022-01-01 20:07:24
    7           * @FilePath     : \ADC\ADC.c
    8           * Copyright 2022 FZU Liao, All Rights Reserved. 
    9           */
   10          #include "ADC.h"
   11          
   12          void ADC_ENABLE(){
   13   1          ADC_CONTR |= 0x80;
   14   1      }
   15          
   16          void ADC_DISABLE(){
   17   1          ADC_CONTR &= 0x7F;
   18   1      }
   19          
   20          void ADC_INIT(ADC_CLK_MODE ADC_CLK_MODEx){
   21   1          ADCCFG |= ADC_CLK_MODEx & 0x0F;
   22   1          ADCCFG |= 1<<5;     
   23   1      }
   24          
   25          uint16 ADC_READ(ADC_CHANNEL_PIN ADC_CHANNEL_Pxx){
   26   1          uint16 ADC_RESULT;
   27   1              ADC_CONTR &= (0xF0);
   28   1              ADC_CONTR |= ADC_CHANNEL_Pxx;
   29   1              ADC_CONTR |= 0x40;
   30   1              while (!(ADC_CONTR & 0x20));
   31   1              ADC_CONTR &= ~0x20;
   32   1          ADC_RESULT = ADC_RES;
   33   1          ADC_RESULT <<= 8;
   34   1          ADC_RESULT |= ADC_RESL;
   35   1              ADC_RES = 0;
   36   1              ADC_RESL = 0;
   37   1              ADC_RESULT >>= 12;
   38   1              return ADC_RESULT;
   39   1      }


Module Information          Static   Overlayable
------------------------------------------------
  code size            =        62     ------
  ecode size           =    ------     ------
  data size            =    ------     ------
  idata size           =    ------     ------
  pdata size           =    ------     ------
  xdata size           =    ------     ------
  xdata-const size     =    ------     ------
  edata size           =    ------     ------
  bit size             =    ------     ------
  ebit size            =    ------     ------
  bitaddressable size  =    ------     ------
  ebitaddressable size =    ------     ------
  far data size        =    ------     ------
  huge data size       =    ------     ------
  const size           =    ------     ------
  hconst size          =    ------     ------
C251 COMPILER V5.60.0,  ADC                                                                03/01/22  11:55:55  PAGE 2   

End of Module Information.


C251 COMPILATION COMPLETE.  0 WARNING(S),  0 ERROR(S)
