C251 COMPILER V5.60.0,  DELAY                                                              10/01/22  23:01:35  PAGE 1   


C251 COMPILER V5.60.0, COMPILATION OF MODULE DELAY
OBJECT MODULE PLACED IN ..\Output\DELAY.obj
COMPILER INVOKED BY: F:\ProgramData\keil5\C251\BIN\C251.EXE ..\CODES\BOARD\DELAY.c LARGE INTR2 BROWSE INCDIR(..\CODES\BO
                    -ARD;..\CODES\ALGORITHM;..\CODES\DRIVER;..\CODES\USERS;..\CODES\ZF_lib) DEBUG PRINT(.\Listings\DELAY.lst) OBJECT(..\Outpu
                    -t\DELAY.obj) 

stmt  level    source

    1          /*
    2           * @Description  : 延时封装
    3           * @Author       : FZU Liao
    4           * @Date         : 2021-12-31 13:27:45
    5           * @LastEditors  : Liao
    6           * @LastEditTime : 2022-01-10 21:54:23
    7           * @FilePath     : \TEMPLATE_PROJECT\CODES\BOARD\DELAY.c
    8           * Copyright 2021 FZU Liao, All Rights Reserved. 
    9           */
   10          
   11          #include "DELAY.h"
   12          
   13          uint16 nCLK_ms = 0;
   14          uint16 nCLK_us = 0;
   15          
   16          void DELAY_INIT(){
   17   1          nCLK_ms = SYS_CLK / 6000;
   18   1              nCLK_us = SYS_CLK / 7000000;
   19   1              if(SYS_CLK <= 12000000) nCLK_us++;
   20   1      }
   21          
   22          void DELAY_ms(uint16 ms){
   23   1          uint16 i;
   24   1          while(ms--){
   25   2              i = nCLK_ms;
   26   2              while(i--);
   27   2          }
   28   1      }
   29          
   30          void DELAY_us(uint32 us){
   31   1          uint16 i;
   32   1          while(us--){
   33   2              i=nCLK_us;
   34   2              while(i--);
   35   2          }
   36   1      }


Module Information          Static   Overlayable
------------------------------------------------
  code size            =        75     ------
  ecode size           =    ------     ------
  data size            =    ------     ------
  idata size           =    ------     ------
  pdata size           =    ------     ------
  xdata size           =         4     ------
  xdata-const size     =    ------     ------
  edata size           =    ------     ------
  bit size             =    ------     ------
  ebit size            =    ------     ------
  bitaddressable size  =    ------     ------
  ebitaddressable size =    ------     ------
  far data size        =    ------     ------
  huge data size       =    ------     ------
  const size           =    ------     ------
  hconst size          =        14     ------
End of Module Information.


C251 COMPILATION COMPLETE.  0 WARNING(S),  0 ERROR(S)
