C251 COMPILER V5.60.0,  EM_Calc                                                            10/01/22  22:26:55  PAGE 1   


C251 COMPILER V5.60.0, COMPILATION OF MODULE EM_Calc
OBJECT MODULE PLACED IN ..\Output\EM_Calc.obj
COMPILER INVOKED BY: F:\ProgramData\keil5\C251\BIN\C251.EXE ..\CODES\ALGORITHM\EM_Calc.c LARGE INTR2 BROWSE INCDIR(..\CO
                    -DES\BOARD;..\CODES\ALGORITHM;..\CODES\DRIVER;..\CODES\USERS) DEBUG PRINT(.\Listings\EM_Calc.lst) OBJECT(..\Output\EM_Cal
                    -c.obj) 

stmt  level    source

    1          /*
    2           * @Description  : 差和比差加权算法实现
    3           * @Author       : FZU Liao
    4           * @Date         : 2022-01-10 12:39:00
    5           * @LastEditors  : Liao
    6           * @LastEditTime : 2022-01-10 22:26:41
    7           * @FilePath     : \TEMPLATE_PROJECT\CODES\ALGORITHM\EM_Calc.c
    8           * Copyright 2022 FZU Liao, All Rights Reserved. 
    9           */
   10          
   11          #include "EM_Calc.h"
   12          
   13          #define L  0
   14          #define LM 1
   15          #define RM 2
   16          #define R  3
   17          
   18          #define ParamA 1
   19          #define ParamB 1
   20          
   21          float EM_CALC_POS_RES(int* EM_data){
   22   1         float RES;
   23   1         RES = (EM_data[LM]-EM_data[RM])>0?(((float)(EM_data[L]-EM_data[R])*ParamA + (float)(EM_data[LM]-EM_dat
             -a[RM])*ParamB)/((float)(EM_data[L]+EM_data[R])*ParamA + (float)(EM_data[LM]-EM_data[RM])*ParamB)):(((float)(EM_data[L]-E
             -M_data[R])*ParamA + (float)(EM_data[LM]-EM_data[RM])*ParamB)/((float)(EM_data[L]+EM_data[R])*ParamA + (float)(EM_data[RM
             -]-EM_data[LM])*ParamB));
   24   1         return RES;
   25   1      }


Module Information          Static   Overlayable
------------------------------------------------
  code size            =       122     ------
  ecode size           =    ------     ------
  data size            =    ------     ------
  idata size           =    ------     ------
  pdata size           =    ------     ------
  xdata size           =    ------     ------
  xdata-const size     =    ------     ------
  edata size           =    ------     ------
  bit size             =    ------     ------
  ebit size            =    ------     ------
  bitaddressable size  =    ------     ------
  ebitaddressable size =    ------     ------
  far data size        =    ------     ------
  huge data size       =    ------     ------
  const size           =    ------     ------
  hconst size          =    ------     ------
End of Module Information.


C251 COMPILATION COMPLETE.  0 WARNING(S),  0 ERROR(S)
