L251 LINKER/LOCATER V4.66.93.0                                                          01/03/2022  18:06:46  PAGE 1


L251 LINKER/LOCATER V4.66.93.0, INVOKED BY:
F:\PROGRAMDATA\KEIL5\C251\BIN\L251.EXE ..\Output\ADC.obj, ..\Output\BOARD.obj, ..\Output\DELAY.obj, ..\Output\EXINT.obj,
>>  ..\Output\GPIO.obj, ..\Output\NVIC.obj, ..\Output\PWM.obj, ..\Output\TASK.obj, ..\Output\TIMER.obj, ..\Output\main.o
>> bj, ..\Output\PID.obj, ..\Output\EM_SENSOR.obj, ..\Output\ENCODE_SENSOR.obj, ..\Output\SERVO_MOTOR.obj, ..\Output\STE
>> P_MOTOR.obj TO ..\Output\KEILOUT PRINT (.\Listings\KEILOUT.map) CASE CLASSES (EDATA (0X0-0X1FFF), HDATA (0X0-0X1FFF))
>> 


CPU MODE:     251 SOURCE MODE
INTR FRAME:   2 BYTES SAVED ON INTERRUPT
MEMORY MODEL: LARGE WITH FLOATING POINT ARITHMETIC


INPUT MODULES INCLUDED:
  ..\Output\ADC.obj (ADC)
         COMMENT TYPE 0: C251 V5.60.0
  ..\Output\BOARD.obj (BOARD)
         COMMENT TYPE 0: C251 V5.60.0
  ..\Output\DELAY.obj (DELAY)
         COMMENT TYPE 0: C251 V5.60.0
  ..\Output\EXINT.obj (EXINT)
         COMMENT TYPE 0: C251 V5.60.0
  ..\Output\GPIO.obj (GPIO)
         COMMENT TYPE 0: C251 V5.60.0
  ..\Output\NVIC.obj (NVIC)
         COMMENT TYPE 0: C251 V5.60.0
  ..\Output\PWM.obj (PWM)
         COMMENT TYPE 0: C251 V5.60.0
  ..\Output\TASK.obj (TASK)
         COMMENT TYPE 0: C251 V5.60.0
  ..\Output\TIMER.obj (TIMER)
         COMMENT TYPE 0: C251 V5.60.0
  ..\Output\main.obj (main)
         COMMENT TYPE 0: C251 V5.60.0
  ..\Output\PID.obj (PID)
         COMMENT TYPE 0: C251 V5.60.0
  ..\Output\EM_SENSOR.obj (EM_SENSOR)
         COMMENT TYPE 0: C251 V5.60.0
  ..\Output\ENCODE_SENSOR.obj (ENCODE_SENSOR)
         COMMENT TYPE 0: C251 V5.60.0
  ..\Output\SERVO_MOTOR.obj (SERVO_MOTOR)
         COMMENT TYPE 0: C251 V5.60.0
  ..\Output\STEP_MOTOR.obj (STEP_MOTOR)
         COMMENT TYPE 0: C251 V5.60.0
  F:\PROGRAMDATA\KEIL5\C251\LIB\C2SFPL.LIB (?C?FPADD)
         COMMENT TYPE 0: A251 V4.69.6.0
  F:\PROGRAMDATA\KEIL5\C251\LIB\C2SFPL.LIB (?C?FPMUL)
         COMMENT TYPE 0: A251 V4.69.6.0
  F:\PROGRAMDATA\KEIL5\C251\LIB\C2SFPL.LIB (?C?FPDIV)
         COMMENT TYPE 0: A251 V4.69.6.0
  F:\PROGRAMDATA\KEIL5\C251\LIB\C2SFPL.LIB (?C?FCAST)
         COMMENT TYPE 0: A251 V4.69.6.0
  F:\PROGRAMDATA\KEIL5\C251\LIB\C2SFPL.LIB (?C?CASTF)
         COMMENT TYPE 0: A251 V4.69.6.0
  F:\PROGRAMDATA\KEIL5\C251\LIB\C2SFPL.LIB (?C?FPGETOPN)
         COMMENT TYPE 0: A251 V4.69.6.0
  F:\PROGRAMDATA\KEIL5\C251\LIB\C2SL.LIB (?C_START)
         COMMENT TYPE 0: A251 V4.69.6.0
  F:\PROGRAMDATA\KEIL5\C251\LIB\C2SL.LIB (?C?INITHDATA)
         COMMENT TYPE 0: A251 V4.69.6.0
  F:\PROGRAMDATA\KEIL5\C251\LIB\C2SL.LIB (?C?SIDIV)
         COMMENT TYPE 0: A251 V4.69.6.0
  F:\PROGRAMDATA\KEIL5\C251\LIB\C2SL.LIB (?C?ULDIV)
         COMMENT TYPE 0: A251 V4.69.6.0
  F:\PROGRAMDATA\KEIL5\C251\LIB\C2SL.LIB (?C?INITHDATA_END)
         COMMENT TYPE 0: A251 V4.69.6.0
L251 LINKER/LOCATER V4.66.93.0                                                        01/03/2022  18:06:46  PAGE 2




ACTIVE MEMORY CLASSES OF MODULE:  ..\Output\KEILOUT (ADC)

BASE        START       END         USED      MEMORY CLASS
==========================================================
000000H     000000H     001FFFH     000100H   EDATA
000000H     000000H     001FFFH               HDATA
FF0000H     FF0000H     FFFFFFH     0014B1H   CODE
010000H     010000H     01FFFFH     000091H   XDATA
000000H     FF0000H     FFFFFFH     000068H   HCONST
000000H     000000H     00007FH     000008H   DATA


MEMORY MAP OF MODULE:  ..\Output\KEILOUT (ADC)


START     STOP      LENGTH    ALIGN  RELOC    MEMORY CLASS   SEGMENT NAME
=========================================================================
000000H   000007H   000008H   ---    AT..     DATA           "REG BANK 0"
000008H   000107H   000100H   BYTE   UNIT     EDATA          ?STACK
000108H   00FFFFH   00FEF8H   ---    ---      **GAP**
010000H   01004CH   00004DH   BYTE   INSEG    XDATA          ?XD?TIMER
01004DH   01005CH   000010H   BYTE   INSEG    XDATA          ?XD?TASK
01005DH   01006BH   00000FH   BYTE   INSEG    XDATA          ?XD?EXINT
01006CH   010079H   00000EH   BYTE   UNIT     XDATA          ?XD?PID_INIT_NEWPID?PID
01007AH   010081H   000008H   BYTE   UNIT     XDATA          ?XD?PID_SET_FACTORS?PID
010082H   010085H   000004H   BYTE   INSEG    XDATA          ?XD?DELAY
010086H   010089H   000004H   BYTE   UNIT     XDATA          ?XD?ENCODING_READ_RESULT?ENCODE_SENSOR
01008AH   01008DH   000004H   BYTE   UNIT     XDATA          ?XD?STEP_MOTOR_SET_DUTY?STEP_MOTOR
01008EH   010090H   000003H   BYTE   UNIT     XDATA          ?XD?TIMER_INIT_TIMERX?TIMER
010091H   FEFFFFH   FDFF6FH   ---    ---      **GAP**
FF0000H   FF0002H   000003H   ---    OFFS..   CODE           ?CO?start251?4
FF0003H   FF0005H   000003H   ---    OFFS..   CODE           ?PR?IV?0
FF0006H   FF000AH   000005H   BYTE   INSEG    CODE           ?PR?TASK_SETID?TASK
FF000BH   FF000DH   000003H   ---    OFFS..   CODE           ?PR?IV?1
FF000EH   FF0012H   000005H   BYTE   INSEG    CODE           ?PR?TASK_PAUSE_TASKSYS?TASK
FF0013H   FF0015H   000003H   ---    OFFS..   CODE           ?PR?IV?2
FF0016H   FF0019H   000004H   BYTE   INSEG    CODE           ?PR?ADC_DISABLE?ADC
FF001AH   FF001AH   000001H   BYTE   INSEG    CODE           ?PR?BOARD_INIT?BOARD
FF001BH   FF001DH   000003H   ---    OFFS..   CODE           ?PR?IV?3
FF001EH   FF004DH   000030H   BYTE   INSEG    CODE           ?PR?TASK_EXCUTE?TASK
FF004EH   FF0051H   000004H   BYTE   INSEG    CODE           ?PR?ADC_ENABLE?ADC
FF0052H   FF0052H   000001H   BYTE   INSEG    CODE           ?PR?TIMER_READ_COUNTER?TIMER
FF0053H   FF0055H   000003H   ---    OFFS..   CODE           ?PR?IV?10
FF0056H   FF0058H   000003H   BYTE   INSEG    CODE           ?PR?IQR_DISABLE_ALL?BOARD
FF0059H   FF0059H   000001H   BYTE   INSEG    CODE           ?PR?TIMER_T34_SETPIN?TIMER
FF005AH   FF005AH   000001H   BYTE   INSEG    CODE           ?PR?PID_DEINIT_PID?PID
FF005BH   FF005DH   000003H   ---    OFFS..   CODE           ?PR?IV?11
FF005EH   FF0060H   000003H   BYTE   INSEG    CODE           ?PR?IQR_ENABLE_ALL?BOARD
FF0061H   FF0062H   000002H   ---    ---      **GAP**
FF0063H   FF0065H   000003H   ---    OFFS..   CODE           ?PR?IV?12
FF0066H   FF0080H   00001BH   BYTE   INSEG    CODE           ?PR?DELAY_MS?DELAY
FF0081H   FF0082H   000002H   ---    ---      **GAP**
FF0083H   FF0085H   000003H   ---    OFFS..   CODE           ?PR?IV?16
FF0086H   FF009AH   000015H   BYTE   INSEG    CODE           ?PR?DELAY_INIT?DELAY
FF009BH   FF009DH   000003H   ---    OFFS..   CODE           ?PR?IV?19
FF009EH   FF00A0H   000003H   BYTE   INSEG    CODE           ?PR?MAIN?MAIN
FF00A1H   FF00A2H   000002H   ---    ---      **GAP**
FF00A3H   FF00A5H   000003H   ---    OFFS..   CODE           ?PR?IV?20
FF00A6H   FF03D4H   00032FH   BYTE   UNIT     CODE           ?C?LIB_CODE
FF03D5H   FF06BCH   0002E8H   BYTE   INSEG    CODE           ?PR?PWM_INIT_PWMCHANNEL?PWM
FF06BDH   FF07EDH   000131H   BYTE   INSEG    CODE           ?PR?TIMER_INIT_TIMERX?TIMER
FF07EEH   FF091BH   00012EH   BYTE   INSEG    CODE           ?PR?PID_CLAC_RESULT?PID
FF091CH   FF0A39H   00011EH   BYTE   INSEG    CODE           ?PR?TIMER_ADDRESS_INIT?TIMER
L251 LINKER/LOCATER V4.66.93.0                                                        01/03/2022  18:06:46  PAGE 3


FF0A3AH   FF0AEFH   0000B6H   BYTE   INSEG    CODE           ?PR?PWM_SET_DUTY?PWM
FF0AF0H   FF0B8DH   00009EH   BYTE   INSEG    CODE           ?PR?NVIC_SET_PRIORITY?NVIC
FF0B8EH   FF0BF3H   000066H   BYTE   INSEG    CODE           ?PR?PID_INIT_NEWPID?PID
FF0BF4H   FF0C48H   000055H   BYTE   INSEG    CODE           ?PR?TIMER_SET_TIMES?TIMER
FF0C49H   FF0C98H   000050H   BYTE   INSEG    CODE           ?PR?TIMER_DISABLE?TIMER
FF0C99H   FF0CE6H   00004EH   BYTE   INSEG    CODE           ?PR?EXINT_DISABLE?EXINT
FF0CE7H   FF0D30H   00004AH   BYTE   INSEG    CODE           ?PR?EXINT_ENABLE?EXINT
FF0D31H   FF0D7AH   00004AH   BYTE   INSEG    CODE           ?PR?TIMER_ENABLE?TIMER
FF0D7BH   FF0D8DH   000013H   BYTE   UNIT     CODE           ?C_C51STARTUP
FF0D8EH   FF0DBEH   000031H   BYTE   UNIT     CODE           ?C_C51STARTUP?2
FF0DBFH   FF0DC1H   000003H   BYTE   UNIT     CODE           ?C_C51STARTUP?3
FF0DC2H   FF0E05H   000044H   BYTE   INSEG    CODE           ?PR?STEP_MOTOR_SET_DUTY?STEP_MOTOR
FF0E06H   FF0E47H   000042H   BYTE   INSEG    CODE           ?PR?EXT0_ROUTINE?EXINT
FF0E48H   FF0E89H   000042H   BYTE   INSEG    CODE           ?PR?EXT1_ROUTINE?EXINT
FF0E8AH   FF0ECBH   000042H   BYTE   INSEG    CODE           ?PR?EXT2_ROUTINE?EXINT
FF0ECCH   FF0F0DH   000042H   BYTE   INSEG    CODE           ?PR?EXT3_ROUTINE?EXINT
FF0F0EH   FF0F4FH   000042H   BYTE   INSEG    CODE           ?PR?EXT4_ROUTINE?EXINT
FF0F50H   FF0F8EH   00003FH   BYTE   INSEG    CODE           ?PR?TIMER0_ROUTINE?TIMER
FF0F8FH   FF0FCDH   00003FH   BYTE   INSEG    CODE           ?PR?TIMER1_ROUTINE?TIMER
FF0FCEH   FF100CH   00003FH   BYTE   INSEG    CODE           ?PR?TIMER2_ROUTINE?TIMER
FF100DH   FF104BH   00003FH   BYTE   INSEG    CODE           ?PR?TIMER3_ROUTINE?TIMER
FF104CH   FF108AH   00003FH   BYTE   INSEG    CODE           ?PR?TIMER4_ROUTINE?TIMER
FF108BH   FF10C8H   00003EH   BYTE   INSEG    CODE           ?PR?EXINT_ADDRESS_INIT?EXINT
FF10C9H   FF1105H   00003DH   BYTE   INSEG    CODE           ?PR?PWM_ENABLE?PWM
FF1106H   FF1142H   00003DH   BYTE   INSEG    CODE           ?PR?PWM_DISABLE?PWM
FF1143H   FF117EH   00003CH   BYTE   INSEG    CODE           ?PR?TASK_ADD_TASK?TASK
FF117FH   FF11B5H   000037H   BYTE   INSEG    CODE           ?PR?TIMER_CLEAN_COUNTER?TIMER
FF11B6H   FF11E4H   00002FH   BYTE   INSEG    CODE           ?PR?PID_SET_FACTORS?PID
FF11E5H   FF1212H   00002EH   BYTE   INSEG    CODE           ?PR?SERVO_SET_ANGLE?SERVO_MOTOR
FF1213H   FF1240H   00002EH   BYTE   INSEG    CODE           ?PR?STEP_MOTOR_INIT?STEP_MOTOR
FF1241H   FF126CH   00002CH   BYTE   INSEG    CODE           ?PR?ADC_READ?ADC
FF126DH   FF1297H   00002BH   BYTE   INSEG    CODE           ?PR?ENCODING_INIT?ENCODE_SENSOR
FF1298H   FF12C0H   000029H   BYTE   INSEG    CODE           ?PR?TASK_STATE_UPDATE?TASK
FF12C1H   FF12E8H   000028H   BYTE   INSEG    CODE           ?PR?TASK_DEINIT_TASKSYS?TASK
FF12E9H   FF1310H   000028H   BYTE   INSEG    CODE           ?PR?STEP_MOTOR_STOP?STEP_MOTOR
FF1311H   FF1335H   000025H   BYTE   INSEG    CODE           ?PR?EXINT_INIT?EXINT
FF1336H   FF1359H   000024H   BYTE   INSEG    CODE           ?PR?TASK_INIT_TASKSYS?TASK
FF135AH   FF137CH   000023H   BYTE   INSEG    CODE           ?PR?ENCODING_READ_RESULT?ENCODE_SENSOR
FF137DH   FF139EH   000022H   BYTE   INSEG    CODE           ?PR?ENCODING_DEINIT?ENCODE_SENSOR
FF139FH   FF13C0H   000022H   BYTE   INSEG    CODE           ?PR?STEP_MOTOR_BACK?STEP_MOTOR
FF13C1H   FF13E1H   000021H   BYTE   INSEG    CODE           ?PR?STEP_MOTOR_FORWARD?STEP_MOTOR
FF13E2H   FF1400H   00001FH   BYTE   INSEG    CODE           ?PR?TASK_DELETE_TASK?TASK
FF1401H   FF141BH   00001BH   BYTE   INSEG    CODE           ?PR?DELAY_US?DELAY
FF141CH   FF1435H   00001AH   BYTE   INSEG    CODE           ?PR?TIMER_T01_SETMODE?TIMER
FF1436H   FF144BH   000016H   BYTE   INSEG    CODE           ?PR?EXINT_SET_FUNC?EXINT
FF144CH   FF1461H   000016H   BYTE   INSEG    CODE           ?PR?TIMER_SET_TIMERFUNC?TIMER
FF1462H   FF1477H   000016H   BYTE   INSEG    CODE           ?PR?SERVO_INIT_MOTOR?SERVO_MOTOR
FF1478H   FF1487H   000010H   BYTE   INSEG    CODE           ?PR?TASK_INIT_NEWTASK?TASK
FF1488H   FF1493H   00000CH   BYTE   INSEG    CODE           ?PR?SYS_INIT_ALL?MAIN
FF1494H   FF149EH   00000BH   BYTE   INSEG    CODE           ?PR?PID_SET_TARGET?PID
FF149FH   FF14A8H   00000AH   BYTE   INSEG    CODE           ?PR?ADC_INIT?ADC
FF14A9H   FF14AFH   000007H   BYTE   INSEG    CODE           ?PR?TASK_SETFUNC?TASK
FF14B0H   FF14B6H   000007H   BYTE   INSEG    CODE           ?PR?SERVO_DEINIT_MOTOR?SERVO_MOTOR
FF14B7H   FF150EH   000058H   BYTE   UNIT     HCONST         ?HC?PWM
FF150FH   FF151EH   000010H   BYTE   UNIT     HCONST         ?C_INITHDATA



OVERLAY MAP OF MODULE:   ..\Output\KEILOUT (ADC)


FUNCTION/MODULE                          BIT_GROUP   DATA_GROUP 
--> CALLED FUNCTION/MODULE              START  STOP  START  STOP
================================================================
EXT0_Routine/EXINT                      ----- -----  ----- -----
L251 LINKER/LOCATER V4.66.93.0                                                        01/03/2022  18:06:46  PAGE 4



*** NEW ROOT **************************

EXT1_Routine/EXINT                      ----- -----  ----- -----

*** NEW ROOT **************************

EXT2_Routine/EXINT                      ----- -----  ----- -----

*** NEW ROOT **************************

EXT3_Routine/EXINT                      ----- -----  ----- -----

*** NEW ROOT **************************

EXT4_Routine/EXINT                      ----- -----  ----- -----

*** NEW ROOT **************************

TIMER0_Routine/TIMER                    ----- -----  ----- -----

*** NEW ROOT **************************

TIMER1_Routine/TIMER                    ----- -----  ----- -----

*** NEW ROOT **************************

TIMER2_Routine/TIMER                    ----- -----  ----- -----

*** NEW ROOT **************************

TIMER3_Routine/TIMER                    ----- -----  ----- -----

*** NEW ROOT **************************

TIMER4_Routine/TIMER                    ----- -----  ----- -----

*** NEW ROOT **************************

?C_C51STARTUP                           ----- -----  ----- -----

*** NEW ROOT **************************

?C_C51STARTUP?3                         ----- -----  ----- -----
  +--> main/main

main/main                               ----- -----  ----- -----
  +--> SYS_INIT_ALL/main

SYS_INIT_ALL/main                       ----- -----  ----- -----
  +--> DELAY_INIT/DELAY
  +--> EXINT_ADDRESS_INIT/EXINT
  +--> TIMER_ADDRESS_INIT/TIMER
  +--> IQR_Enable_ALL/BOARD

DELAY_INIT/DELAY                        ----- -----  ----- -----

EXINT_ADDRESS_INIT/EXINT                ----- -----  ----- -----

TIMER_ADDRESS_INIT/TIMER                ----- -----  ----- -----

IQR_Enable_ALL/BOARD                    ----- -----  ----- -----

*** NEW ROOT **************************

L251 LINKER/LOCATER V4.66.93.0                                                        01/03/2022  18:06:46  PAGE 5


?C_C51STARTUP?2                         ----- -----  ----- -----



PUBLIC SYMBOLS OF MODULE:  ..\Output\KEILOUT (ADC)


      VALUE       CLASS    TYPE      PUBLIC SYMBOL NAME
      =================================================
      00FF02C2H   CODE     NEAR LAB  ?C?CASTF
      000000FFH   NUMBER   ---       ?C?CODESEG
      00FF028FH   CODE     NEAR LAB  ?C?FCASTC
      00FF028AH   CODE     NEAR LAB  ?C?FCASTI
      00FF0285H   CODE     NEAR LAB  ?C?FCASTL
      00FF00ACH   CODE     ---       ?C?FPADD
      00FF0204H   CODE     ---       ?C?FPDIV
      00FF02FFH   CODE     ---       ?C?FPGETOPN2
      00FF0164H   CODE     ---       ?C?FPMUL
      00FF033CH   CODE     ---       ?C?FPNANRESULT
      00FF0344H   CODE     ---       ?C?FPOVERFLOW
      00FF0318H   CODE     ---       ?C?FPRESULT
      00FF032EH   CODE     ---       ?C?FPRESULT2
      00FF00A9H   CODE     ---       ?C?FPSUB
      00FF0341H   CODE     ---       ?C?FPUNDERFLOW
      00FF0D8EH   CODE     ---       ?C?INITHDATA
      00FF151DH   HCONST   WORD      ?C?INITHDATA_END
      00FF0350H   CODE     ---       ?C?SIDIV
      00FF0000H   CODE     ---       ?C?STARTUP
      00FF0384H   CODE     NEAR LAB  ?C?ULDIV
      00FF0382H   CODE     NEAR LAB  ?C?ULIDIV
      00000001H   NUMBER   ---       ?C?XDATASEG
      00FF0000H   CODE     ---       ?C_STARTUP
      00010064H   XDATA    ---       ?PID_INIT_NEWPID?BYTE
      00010072H   XDATA    ---       ?PID_SET_FACTORS?BYTE
      00010085H   XDATA    ---       ?TIMER_INIT_TIMERx?BYTE
*SFR* 000000DCH   DATA     BYTE      ADC_CONTR
      00FF0016H   CODE     ---       ADC_DISABLE
      00FF004EH   CODE     ---       ADC_ENABLE
      00FF149FH   CODE     ---       ADC_INIT
      00FF1241H   CODE     ---       ADC_READ
*SFR* 000000DDH   DATA     BYTE      ADC_RES
*SFR* 000000DEH   DATA     BYTE      ADC_RESL
*SFR* 000000DFH   DATA     BYTE      ADCCFG
*SFR* 000000DAH   DATA     BYTE      AUXINTIF
*SFR* 00000093H   DATA     BYTE      AUXR
      00FF001AH   CODE     ---       BOARD_INIT
      00FF0086H   CODE     ---       DELAY_INIT
      00FF0066H   CODE     ---       DELAY_ms
      00FF1401H   CODE     ---       DELAY_us
*SFR* 000000A8H.7 DATA     BIT       EA
      00FF137DH   CODE     ---       ENCODING_DEINIT
      00FF126DH   CODE     ---       ENCODING_INIT
      00FF135AH   CODE     ---       ENCODING_READ_RESULT
      00FF108BH   CODE     ---       EXINT_ADDRESS_INIT
      00FF0C99H   CODE     ---       EXINT_DISABLE
      00FF0CE7H   CODE     ---       EXINT_ENABLE
      00FF1311H   CODE     ---       EXINT_INIT
      0001005DH   XDATA    ---       EXINT_list
      00FF1436H   CODE     ---       EXINT_SET_FUNC
      00FF0E06H   CODE     ---       EXT0_Routine
      00FF0E48H   CODE     ---       EXT1_Routine
      00FF0E8AH   CODE     ---       EXT2_Routine
      00FF0ECCH   CODE     ---       EXT3_Routine
      00FF0F0EH   CODE     ---       EXT4_Routine
*SFR* 000000A8H   DATA     BYTE      IE
L251 LINKER/LOCATER V4.66.93.0                                                        01/03/2022  18:06:46  PAGE 6


*SFR* 000000E7H   DATA     BYTE      IE2
*SFR* 00000095H   DATA     BYTE      INTCLKO
*SFR* 000000B8H   DATA     BYTE      IP
*SFR* 000000FEH   DATA     BYTE      IP2
*SFR* 000000B6H   DATA     BYTE      IP2H
*SFR* 000000B7H   DATA     BYTE      IPH
      00FF0056H   CODE     ---       IQR_Disable_ALL
      00FF005EH   CODE     ---       IQR_Enable_ALL
*SFR* 00000088H.0 DATA     BIT       IT0
*SFR* 00000088H.2 DATA     BIT       IT1
      00FF009EH   CODE     ---       main
      00010082H   XDATA    WORD      nCLK_ms
      00010084H   XDATA    WORD      nCLK_us
      00FF0AF0H   CODE     ---       NVIC_SET_PRIORITY
*SFR* 00000080H   DATA     BYTE      P0
*SFR* 00000090H   DATA     BYTE      P1
*SFR* 000000A0H   DATA     BYTE      P2
*SFR* 000000B0H   DATA     BYTE      P3
*SFR* 000000C0H   DATA     BYTE      P4
*SFR* 000000C8H   DATA     BYTE      P5
*SFR* 000000E8H   DATA     BYTE      P6
*SFR* 000000F8H   DATA     BYTE      P7
*SFR* 0000009BH   DATA     BYTE      P_SW2
      00FF07EEH   CODE     ---       PID_CLAC_RESULT
      00FF005AH   CODE     ---       PID_DEINIT_PID
      00FF0B8EH   CODE     ---       PID_INIT_NEWPID
      00FF11B6H   CODE     ---       PID_SET_FACTORS
      00FF1494H   CODE     ---       PID_SET_TARGET
*SFR* 000000D0H   DATA     BYTE      PSW
      00FF14D7H   HCONST   ---       PWM_ARR_ADDR
      00FF14DFH   HCONST   ---       PWM_CCER_ADDR
      00FF14EFH   HCONST   ---       PWM_CCMR_ADDR
      00FF14B7H   HCONST   ---       PWM_CCR_ADDR
      00FF1106H   CODE     ---       PWM_DISABLE
      00FF10C9H   CODE     ---       PWM_ENABLE
      00FF03D5H   CODE     ---       PWM_INIT_PWMCHANNEL
      00FF0A3AH   CODE     ---       PWM_SET_DUTY
*SFR* 00000098H   DATA     BYTE      SCON
      00FF14B0H   CODE     ---       SERVO_DEINIT_MOTOR
      00FF1462H   CODE     ---       SERVO_INIT_MOTOR
      00FF11E5H   CODE     ---       SERVO_SET_ANGLE
      00FF139FH   CODE     ---       STEP_MOTOR_BACK
      00FF13C1H   CODE     ---       STEP_MOTOR_FORWARD
      00FF1213H   CODE     ---       STEP_MOTOR_INIT
      00FF0DC2H   CODE     ---       STEP_MOTOR_SET_DUTY
      00FF12E9H   CODE     ---       STEP_MOTOR_STOP
      00FF1488H   CODE     ---       SYS_INIT_ALL
*SFR* 000000CDH   DATA     BYTE      T2H
*SFR* 000000CEH   DATA     BYTE      T2L
*SFR* 000000CBH   DATA     BYTE      T3H
*SFR* 000000CCH   DATA     BYTE      T3L
*SFR* 000000C9H   DATA     BYTE      T4H
*SFR* 000000CAH   DATA     BYTE      T4L
*SFR* 000000DBH   DATA     BYTE      T4T3M
      00FF1143H   CODE     ---       TASK_ADD_TASK
      00FF12C1H   CODE     ---       TASK_DEINIT_TASKSYS
      00FF13E2H   CODE     ---       TASK_DELETE_TASK
      00FF001EH   CODE     ---       Task_Excute
      00FF1478H   CODE     ---       TASK_INIT_NEWTASK
      00FF1336H   CODE     ---       TASK_INIT_TASKSYS
      00FF000EH   CODE     ---       TASK_PAUSE_TASKSYS
      00FF14A9H   CODE     ---       TASK_SETFUNC
      00FF0006H   CODE     ---       TASK_SETID
      00FF1298H   CODE     ---       TASK_STATE_UPDATE
      0001004DH   XDATA    ---       TaskList
L251 LINKER/LOCATER V4.66.93.0                                                        01/03/2022  18:06:46  PAGE 7


*SFR* 00000088H   DATA     BYTE      TCON
*SFR* 0000008CH   DATA     BYTE      TH0
*SFR* 0000008DH   DATA     BYTE      TH1
      00FF0F50H   CODE     ---       TIMER0_Routine
      00FF0F8FH   CODE     ---       TIMER1_Routine
      00FF0FCEH   CODE     ---       TIMER2_Routine
      00FF100DH   CODE     ---       TIMER3_Routine
      00FF104CH   CODE     ---       TIMER4_Routine
      00FF091CH   CODE     ---       TIMER_ADDRESS_INIT
      00FF117FH   CODE     ---       TIMER_CLEAN_COUNTER
      00FF0C49H   CODE     ---       TIMER_DISABLE
      00FF0D31H   CODE     ---       TIMER_ENABLE
      00FF06BDH   CODE     ---       TIMER_INIT_TIMERx
      00010016H   XDATA    ---       TIMER_NORMAL_list
      00FF0052H   CODE     ---       TIMER_READ_COUNTER
      00FF144CH   CODE     ---       TIMER_SET_TIMERFUNC
      00FF0BF4H   CODE     ---       TIMER_SET_TIMES
      00010000H   XDATA    ---       TIMER_T01_list
      00FF141CH   CODE     ---       TIMER_T01_SETMODE
      0001000CH   XDATA    ---       TIMER_T34_list
      00FF0059H   CODE     ---       TIMER_T34_SETPIN
*SFR* 0000008AH   DATA     BYTE      TL0
*SFR* 0000008BH   DATA     BYTE      TL1
*SFR* 00000089H   DATA     BYTE      TMOD



SYMBOL TABLE OF MODULE:  ..\Output\KEILOUT (ADC)

      VALUE       REP       CLASS    TYPE      SYMBOL NAME
      ====================================================
      ---         MODULE    ---      ---       ADC
      00FF0016H   PUBLIC    CODE     ---       ADC_DISABLE
      00FF1241H   PUBLIC    CODE     ---       ADC_READ
      00FF004EH   PUBLIC    CODE     ---       ADC_ENABLE
      00FF149FH   PUBLIC    CODE     ---       ADC_INIT
      000000D0H   SFRSYM    DATA     BYTE      PSW
      000000DEH   SFRSYM    DATA     BYTE      ADC_RESL
      00000088H   SFRSYM    DATA     BYTE      TCON
      00000098H   SFRSYM    DATA     BYTE      SCON
      000000DCH   SFRSYM    DATA     BYTE      ADC_CONTR
      000000DFH   SFRSYM    DATA     BYTE      ADCCFG
      000000B8H   SFRSYM    DATA     BYTE      IP
      000000DDH   SFRSYM    DATA     BYTE      ADC_RES
      000000A8H   SFRSYM    DATA     BYTE      IE
      000000F8H   SFRSYM    DATA     BYTE      P7
      000000E8H   SFRSYM    DATA     BYTE      P6
      000000C8H   SFRSYM    DATA     BYTE      P5
      000000C0H   SFRSYM    DATA     BYTE      P4
      000000B0H   SFRSYM    DATA     BYTE      P3
      000000A0H   SFRSYM    DATA     BYTE      P2
      00000090H   SFRSYM    DATA     BYTE      P1
      00000080H   SFRSYM    DATA     BYTE      P0

      00FF004EH   BLOCK     CODE     ---       LVL=0
      00FF004EH   LINE      CODE     ---       #12
      00FF004EH   LINE      CODE     ---       #13
      00FF0051H   LINE      CODE     ---       #14
      ---         BLOCKEND  ---      ---       LVL=0

      00FF0016H   BLOCK     CODE     ---       LVL=0
      00FF0016H   LINE      CODE     ---       #16
      00FF0016H   LINE      CODE     ---       #17
      00FF0019H   LINE      CODE     ---       #18
      ---         BLOCKEND  ---      ---       LVL=0
L251 LINKER/LOCATER V4.66.93.0                                                        01/03/2022  18:06:46  PAGE 8



      00FF149FH   BLOCK     CODE     ---       LVL=0
      WR6         REGSYM    ---      INT       ADC_CLK_MODEx
      00FF149FH   LINE      CODE     ---       #20
      00FF149FH   LINE      CODE     ---       #21
      00FF14A5H   LINE      CODE     ---       #22
      00FF14A8H   LINE      CODE     ---       #23
      ---         BLOCKEND  ---      ---       LVL=0

      00FF1241H   BLOCK     CODE     ---       LVL=0
      WR6         REGSYM    ---      INT       ADC_CHANNEL_Pxx
      WR6         REGSYM    ---      WORD      ADC_RESULT
      00FF1241H   LINE      CODE     ---       #25
      00FF1241H   LINE      CODE     ---       #27
      00FF1244H   LINE      CODE     ---       #28
      00FF1248H   LINE      CODE     ---       #29
      00FF124BH   LINE      CODE     ---       #30
      00FF1250H   LINE      CODE     ---       #31
      00FF1253H   LINE      CODE     ---       #32
      00FF1255H   LINE      CODE     ---       #33
      00FF1259H   LINE      CODE     ---       #34
      00FF125FH   LINE      CODE     ---       #35
      00FF1262H   LINE      CODE     ---       #36
      00FF1265H   LINE      CODE     ---       #37
      00FF126CH   LINE      CODE     ---       #38
      00FF126CH   LINE      CODE     ---       #39
      ---         BLOCKEND  ---      ---       LVL=0

      ---         MODULE    ---      ---       BOARD
      00FF001AH   PUBLIC    CODE     ---       BOARD_INIT
      00FF0056H   PUBLIC    CODE     ---       IQR_Disable_ALL
      00FF005EH   PUBLIC    CODE     ---       IQR_Enable_ALL
      000000D0H   SFRSYM    DATA     BYTE      PSW
      00000088H   SFRSYM    DATA     BYTE      TCON
      00000098H   SFRSYM    DATA     BYTE      SCON
      000000B8H   SFRSYM    DATA     BYTE      IP
      000000A8H   SFRSYM    DATA     BYTE      IE
      000000F8H   SFRSYM    DATA     BYTE      P7
      000000A8H.7 SFRSYM    DATA     BIT       EA
      000000E8H   SFRSYM    DATA     BYTE      P6
      000000C8H   SFRSYM    DATA     BYTE      P5
      000000C0H   SFRSYM    DATA     BYTE      P4
      000000B0H   SFRSYM    DATA     BYTE      P3
      000000A0H   SFRSYM    DATA     BYTE      P2
      00000090H   SFRSYM    DATA     BYTE      P1
      00000080H   SFRSYM    DATA     BYTE      P0

      00FF001AH   BLOCK     CODE     ---       LVL=0
      00FF001AH   LINE      CODE     ---       #13
      00FF001AH   LINE      CODE     ---       #15
      ---         BLOCKEND  ---      ---       LVL=0

      00FF0056H   BLOCK     CODE     ---       LVL=0
      00FF0056H   LINE      CODE     ---       #17
      00FF0056H   LINE      CODE     ---       #18
      00FF0058H   LINE      CODE     ---       #19
      ---         BLOCKEND  ---      ---       LVL=0

      00FF005EH   BLOCK     CODE     ---       LVL=0
      00FF005EH   LINE      CODE     ---       #21
      00FF005EH   LINE      CODE     ---       #22
      00FF0060H   LINE      CODE     ---       #23
      ---         BLOCKEND  ---      ---       LVL=0

      ---         MODULE    ---      ---       DELAY
L251 LINKER/LOCATER V4.66.93.0                                                        01/03/2022  18:06:46  PAGE 9


      00FF0086H   PUBLIC    CODE     ---       DELAY_INIT
      00FF0066H   PUBLIC    CODE     ---       DELAY_ms
      00FF1401H   PUBLIC    CODE     ---       DELAY_us
      00010082H   PUBLIC    XDATA    WORD      nCLK_ms
      00010084H   PUBLIC    XDATA    WORD      nCLK_us
      000000D0H   SFRSYM    DATA     BYTE      PSW
      00000088H   SFRSYM    DATA     BYTE      TCON
      00000098H   SFRSYM    DATA     BYTE      SCON
      000000B8H   SFRSYM    DATA     BYTE      IP
      000000A8H   SFRSYM    DATA     BYTE      IE
      000000F8H   SFRSYM    DATA     BYTE      P7
      000000E8H   SFRSYM    DATA     BYTE      P6
      000000C8H   SFRSYM    DATA     BYTE      P5
      000000C0H   SFRSYM    DATA     BYTE      P4
      000000B0H   SFRSYM    DATA     BYTE      P3
      000000A0H   SFRSYM    DATA     BYTE      P2
      00000090H   SFRSYM    DATA     BYTE      P1
      00000080H   SFRSYM    DATA     BYTE      P0

      00FF0086H   BLOCK     CODE     ---       LVL=0
      00FF0086H   LINE      CODE     ---       #16
      00FF0086H   LINE      CODE     ---       #17
      00FF0090H   LINE      CODE     ---       #18
      00FF009AH   LINE      CODE     ---       #19
      ---         BLOCKEND  ---      ---       LVL=0

      00FF0066H   BLOCK     CODE     ---       LVL=0
      WR2         REGSYM    ---      WORD      ms
      00FF0068H   BLOCK     CODE     NEAR LAB  LVL=1
      WR0         REGSYM    ---      WORD      i
      ---         BLOCKEND  ---      ---       LVL=1
      00FF0066H   LINE      CODE     ---       #21
      00FF0068H   LINE      CODE     ---       #23
      00FF006AH   LINE      CODE     ---       #24
      00FF0070H   LINE      CODE     ---       #25
      00FF0078H   LINE      CODE     ---       #26
      00FF0080H   LINE      CODE     ---       #27
      ---         BLOCKEND  ---      ---       LVL=0

      00FF1401H   BLOCK     CODE     ---       LVL=0
      DR0         REGSYM    ---      DWORD     us
      00FF1403H   BLOCK     CODE     NEAR LAB  LVL=1
      WR6         REGSYM    ---      WORD      i
      ---         BLOCKEND  ---      ---       LVL=1
      00FF1401H   LINE      CODE     ---       #29
      00FF1403H   LINE      CODE     ---       #31
      00FF1405H   LINE      CODE     ---       #32
      00FF140BH   LINE      CODE     ---       #33
      00FF1413H   LINE      CODE     ---       #34
      00FF141BH   LINE      CODE     ---       #35
      ---         BLOCKEND  ---      ---       LVL=0

      ---         MODULE    ---      ---       EXINT
      00FF108BH   PUBLIC    CODE     ---       EXINT_ADDRESS_INIT
      00FF0CE7H   PUBLIC    CODE     ---       EXINT_ENABLE
      00FF1311H   PUBLIC    CODE     ---       EXINT_INIT
      00FF0C99H   PUBLIC    CODE     ---       EXINT_DISABLE
      00FF1436H   PUBLIC    CODE     ---       EXINT_SET_FUNC
      00FF0E06H   PUBLIC    CODE     ---       EXT0_Routine
      00FF0E48H   PUBLIC    CODE     ---       EXT1_Routine
      00FF0E8AH   PUBLIC    CODE     ---       EXT2_Routine
      00FF0ECCH   PUBLIC    CODE     ---       EXT3_Routine
      00FF0F0EH   PUBLIC    CODE     ---       EXT4_Routine
      0001005DH   PUBLIC    XDATA    ---       EXINT_list
      000000D0H   SFRSYM    DATA     BYTE      PSW
L251 LINKER/LOCATER V4.66.93.0                                                        01/03/2022  18:06:46  PAGE 10


      000000DAH   SFRSYM    DATA     BYTE      AUXINTIF
      00000088H.2 SFRSYM    DATA     BIT       IT1
      00000088H.0 SFRSYM    DATA     BIT       IT0
      00000088H   SFRSYM    DATA     BYTE      TCON
      00000098H   SFRSYM    DATA     BYTE      SCON
      000000B8H   SFRSYM    DATA     BYTE      IP
      00000095H   SFRSYM    DATA     BYTE      INTCLKO
      000000A8H   SFRSYM    DATA     BYTE      IE
      000000F8H   SFRSYM    DATA     BYTE      P7
      000000E8H   SFRSYM    DATA     BYTE      P6
      000000C8H   SFRSYM    DATA     BYTE      P5
      000000C0H   SFRSYM    DATA     BYTE      P4
      000000B0H   SFRSYM    DATA     BYTE      P3
      000000A0H   SFRSYM    DATA     BYTE      P2
      00000090H   SFRSYM    DATA     BYTE      P1
      00000080H   SFRSYM    DATA     BYTE      P0

      00FF108BH   BLOCK     CODE     ---       LVL=0
      00FF108BH   LINE      CODE     ---       #24
      00FF108BH   LINE      CODE     ---       #25
      00FF1090H   LINE      CODE     ---       #26
      00FF1096H   LINE      CODE     ---       #27
      00FF109CH   LINE      CODE     ---       #28
      00FF10A2H   LINE      CODE     ---       #29
      00FF10A8H   LINE      CODE     ---       #30
      00FF10B0H   LINE      CODE     ---       #31
      00FF10B6H   LINE      CODE     ---       #32
      00FF10BCH   LINE      CODE     ---       #33
      00FF10C2H   LINE      CODE     ---       #34
      00FF10C8H   LINE      CODE     ---       #35
      ---         BLOCKEND  ---      ---       LVL=0

      00FF1311H   BLOCK     CODE     ---       LVL=0
      WR4         REGSYM    ---      INT       EXINTn
      REG=0       REGSYM    ---      ---       func
      WR2         REGSYM    ---      INT       EXT_mode
      00FF1311H   LINE      CODE     ---       #37
      00FF1315H   LINE      CODE     ---       #38
      00FF1323H   LINE      CODE     ---       #39
      00FF132FH   LINE      CODE     ---       #40
      ---         BLOCKEND  ---      ---       LVL=0

      00FF1436H   BLOCK     CODE     ---       LVL=0
      WR6         REGSYM    ---      INT       EXINTn
      REG=2       REGSYM    ---      ---       func
      00FF1436H   LINE      CODE     ---       #43
      00FF1436H   LINE      CODE     ---       #44
      00FF144BH   LINE      CODE     ---       #45
      ---         BLOCKEND  ---      ---       LVL=0

      00FF0CE7H   BLOCK     CODE     ---       LVL=0
      WR2         REGSYM    ---      INT       EXINTn
      00FF0CE7H   LINE      CODE     ---       #47
      00FF0CE9H   LINE      CODE     ---       #48
      00FF0CEFH   LINE      CODE     ---       #49
      00FF0D10H   LINE      CODE     ---       #51
      00FF0D30H   LINE      CODE     ---       #52
      ---         BLOCKEND  ---      ---       LVL=0

      00FF0C99H   BLOCK     CODE     ---       LVL=0
      WR2         REGSYM    ---      INT       EXINTn
      00FF0C99H   LINE      CODE     ---       #54
      00FF0C9BH   LINE      CODE     ---       #55
      00FF0CA1H   LINE      CODE     ---       #56
      00FF0CC4H   LINE      CODE     ---       #58
L251 LINKER/LOCATER V4.66.93.0                                                        01/03/2022  18:06:46  PAGE 11


      00FF0CE6H   LINE      CODE     ---       #59
      ---         BLOCKEND  ---      ---       LVL=0

      00FF0E06H   BLOCK     CODE     ---       LVL=0
      00FF0E06H   LINE      CODE     ---       #61
      00FF0E1CH   LINE      CODE     ---       #63
      00FF0E26H   LINE      CODE     ---       #64
      00FF0E2EH   LINE      CODE     ---       #65
      00FF0E31H   LINE      CODE     ---       #66
      ---         BLOCKEND  ---      ---       LVL=0

      00FF0E48H   BLOCK     CODE     ---       LVL=0
      00FF0E48H   LINE      CODE     ---       #68
      00FF0E5EH   LINE      CODE     ---       #70
      00FF0E68H   LINE      CODE     ---       #71
      00FF0E70H   LINE      CODE     ---       #72
      00FF0E73H   LINE      CODE     ---       #73
      ---         BLOCKEND  ---      ---       LVL=0

      00FF0E8AH   BLOCK     CODE     ---       LVL=0
      00FF0E8AH   LINE      CODE     ---       #75
      00FF0EA0H   LINE      CODE     ---       #77
      00FF0EAAH   LINE      CODE     ---       #78
      00FF0EB2H   LINE      CODE     ---       #79
      00FF0EB5H   LINE      CODE     ---       #80
      ---         BLOCKEND  ---      ---       LVL=0

      00FF0ECCH   BLOCK     CODE     ---       LVL=0
      00FF0ECCH   LINE      CODE     ---       #82
      00FF0EE2H   LINE      CODE     ---       #84
      00FF0EECH   LINE      CODE     ---       #85
      00FF0EF4H   LINE      CODE     ---       #86
      00FF0EF7H   LINE      CODE     ---       #87
      ---         BLOCKEND  ---      ---       LVL=0

      00FF0F0EH   BLOCK     CODE     ---       LVL=0
      00FF0F0EH   LINE      CODE     ---       #89
      00FF0F24H   LINE      CODE     ---       #91
      00FF0F2EH   LINE      CODE     ---       #92
      00FF0F36H   LINE      CODE     ---       #93
      00FF0F39H   LINE      CODE     ---       #94
      ---         BLOCKEND  ---      ---       LVL=0

      ---         MODULE    ---      ---       GPIO
      000000D0H   SFRSYM    DATA     BYTE      PSW
      00000088H   SFRSYM    DATA     BYTE      TCON
      00000098H   SFRSYM    DATA     BYTE      SCON
      000000B8H   SFRSYM    DATA     BYTE      IP
      000000A8H   SFRSYM    DATA     BYTE      IE
      000000F8H   SFRSYM    DATA     BYTE      P7
      000000E8H   SFRSYM    DATA     BYTE      P6
      000000C8H   SFRSYM    DATA     BYTE      P5
      000000C0H   SFRSYM    DATA     BYTE      P4
      000000B0H   SFRSYM    DATA     BYTE      P3
      000000A0H   SFRSYM    DATA     BYTE      P2
      00000090H   SFRSYM    DATA     BYTE      P1
      00000080H   SFRSYM    DATA     BYTE      P0

      ---         MODULE    ---      ---       NVIC
      00FF0AF0H   PUBLIC    CODE     ---       NVIC_SET_PRIORITY
      000000D0H   SFRSYM    DATA     BYTE      PSW
      000000B7H   SFRSYM    DATA     BYTE      IPH
      000000FEH   SFRSYM    DATA     BYTE      IP2
      00000088H   SFRSYM    DATA     BYTE      TCON
      00000098H   SFRSYM    DATA     BYTE      SCON
L251 LINKER/LOCATER V4.66.93.0                                                        01/03/2022  18:06:46  PAGE 12


      000000B8H   SFRSYM    DATA     BYTE      IP
      000000B6H   SFRSYM    DATA     BYTE      IP2H
      000000A8H   SFRSYM    DATA     BYTE      IE
      000000F8H   SFRSYM    DATA     BYTE      P7
      000000E8H   SFRSYM    DATA     BYTE      P6
      000000C8H   SFRSYM    DATA     BYTE      P5
      000000C0H   SFRSYM    DATA     BYTE      P4
      000000B0H   SFRSYM    DATA     BYTE      P3
      000000A0H   SFRSYM    DATA     BYTE      P2
      00000090H   SFRSYM    DATA     BYTE      P1
      00000080H   SFRSYM    DATA     BYTE      P0

      00FF0AF0H   BLOCK     CODE     ---       LVL=0
      WR4         REGSYM    ---      INT       INTtype_IRQn
      R3          REGSYM    ---      BYTE      Priority
      00FF0AF0H   LINE      CODE     ---       #13
      00FF0AF4H   LINE      CODE     ---       #14
      00FF0AFEH   LINE      CODE     ---       #15
      00FF0B14H   LINE      CODE     ---       #16
      00FF0B16H   LINE      CODE     ---       #17
      00FF0B2BH   LINE      CODE     ---       #18
      00FF0B3EH   LINE      CODE     ---       #19
      00FF0B45H   LINE      CODE     ---       #20
      00FF0B5FH   LINE      CODE     ---       #21
      00FF0B61H   LINE      CODE     ---       #22
      00FF0B7AH   LINE      CODE     ---       #23
      00FF0B8DH   LINE      CODE     ---       #24
      ---         BLOCKEND  ---      ---       LVL=0

      ---         MODULE    ---      ---       PWM
      00FF10C9H   PUBLIC    CODE     ---       PWM_ENABLE
      00FF1106H   PUBLIC    CODE     ---       PWM_DISABLE
      00FF03D5H   PUBLIC    CODE     ---       PWM_INIT_PWMCHANNEL
      00FF0A3AH   PUBLIC    CODE     ---       PWM_SET_DUTY
      00FF14B7H   PUBLIC    HCONST   ---       PWM_CCR_ADDR
      00FF14D7H   PUBLIC    HCONST   ---       PWM_ARR_ADDR
      00FF14DFH   PUBLIC    HCONST   ---       PWM_CCER_ADDR
      00FF14EFH   PUBLIC    HCONST   ---       PWM_CCMR_ADDR
      000000D0H   SFRSYM    DATA     BYTE      PSW
      00000088H   SFRSYM    DATA     BYTE      TCON
      00000098H   SFRSYM    DATA     BYTE      SCON
      000000B8H   SFRSYM    DATA     BYTE      IP
      000000A8H   SFRSYM    DATA     BYTE      IE
      0000009BH   SFRSYM    DATA     BYTE      P_SW2
      000000F8H   SFRSYM    DATA     BYTE      P7
      000000E8H   SFRSYM    DATA     BYTE      P6
      000000C8H   SFRSYM    DATA     BYTE      P5
      000000C0H   SFRSYM    DATA     BYTE      P4
      000000B0H   SFRSYM    DATA     BYTE      P3
      000000A0H   SFRSYM    DATA     BYTE      P2
      00000090H   SFRSYM    DATA     BYTE      P1
      00000080H   SFRSYM    DATA     BYTE      P0

      00FF03D5H   BLOCK     CODE     ---       LVL=0
      WR30        REGSYM    ---      INT       PWMn_CHx_Pin
      DR24        REGSYM    ---      DWORD     Frequecy
      WR28        REGSYM    ---      WORD      Duty
      00FF03DBH   BLOCK     CODE     NEAR LAB  LVL=1
      WR28        REGSYM    ---      WORD      DUTY_RATIO
      WR20        REGSYM    ---      WORD      CYCLE_TIME
      WR22        REGSYM    ---      WORD      FREQUENCY_DIVIDER
      ---         BLOCKEND  ---      ---       LVL=1
      00FF03D5H   LINE      CODE     ---       #20
      00FF03DBH   LINE      CODE     ---       #23
      00FF03DBH   LINE      CODE     ---       #25
L251 LINKER/LOCATER V4.66.93.0                                                        01/03/2022  18:06:46  PAGE 13


      00FF03DEH   LINE      CODE     ---       #27
      00FF03E4H   LINE      CODE     ---       #28
      00FF03F5H   LINE      CODE     ---       #29
      00FF03F5H   LINE      CODE     ---       #30
      00FF03FDH   LINE      CODE     ---       #31
      00FF03FFH   LINE      CODE     ---       #32
      00FF0417H   LINE      CODE     ---       #33
      00FF041BH   LINE      CODE     ---       #34
      00FF041BH   LINE      CODE     ---       #36
      00FF043CH   LINE      CODE     ---       #38
      00FF0445H   LINE      CODE     ---       #39
      00FF0470H   LINE      CODE     ---       #40
      00FF0491H   LINE      CODE     ---       #42
      00FF04DDH   LINE      CODE     ---       #44
      00FF04ECH   LINE      CODE     ---       #45
      00FF04F4H   LINE      CODE     ---       #47
      00FF04F7H   LINE      CODE     ---       #50
      00FF0531H   LINE      CODE     ---       #51
      00FF0554H   LINE      CODE     ---       #52
      00FF05A6H   LINE      CODE     ---       #54
      00FF05B5H   LINE      CODE     ---       #55
      00FF05C4H   LINE      CODE     ---       #56
      00FF05C4H   LINE      CODE     ---       #58
      00FF05F2H   LINE      CODE     ---       #59
      00FF0622H   LINE      CODE     ---       #61
      00FF064CH   LINE      CODE     ---       #62
      00FF067AH   LINE      CODE     ---       #64
      00FF0691H   LINE      CODE     ---       #65
      00FF06BCH   LINE      CODE     ---       #66
      ---         BLOCKEND  ---      ---       LVL=0

      00FF0A3AH   BLOCK     CODE     ---       LVL=0
      WR30        REGSYM    ---      INT       PWMn_CHx_Pin
      WR28        REGSYM    ---      WORD      Duty
      00FF0A3EH   BLOCK     CODE     NEAR LAB  LVL=1
      WR2         REGSYM    ---      WORD      DUTY_RATIO
      WR26        REGSYM    ---      WORD      ARR
      ---         BLOCKEND  ---      ---       LVL=1
      00FF0A3AH   LINE      CODE     ---       #68
      00FF0A3EH   LINE      CODE     ---       #71
      00FF0A80H   LINE      CODE     ---       #72
      00FF0AA1H   LINE      CODE     ---       #73
      00FF0AC7H   LINE      CODE     ---       #74
      00FF0AEFH   LINE      CODE     ---       #75
      ---         BLOCKEND  ---      ---       LVL=0

      00FF10C9H   BLOCK     CODE     ---       LVL=0
      WR6         REGSYM    ---      INT       PWMn_CHx_Pin
      00FF10C9H   LINE      CODE     ---       #77
      00FF10C9H   LINE      CODE     ---       #78
      00FF10CFH   LINE      CODE     ---       #79
      00FF10DFH   LINE      CODE     ---       #80
      00FF10E3H   LINE      CODE     ---       #81
      00FF10E5H   LINE      CODE     ---       #82
      00FF10F5H   LINE      CODE     ---       #83
      00FF1105H   LINE      CODE     ---       #84
      00FF1105H   LINE      CODE     ---       #85
      ---         BLOCKEND  ---      ---       LVL=0

      00FF1106H   BLOCK     CODE     ---       LVL=0
      WR6         REGSYM    ---      INT       PWMn_CHx_Pin
      00FF1106H   LINE      CODE     ---       #87
      00FF1106H   LINE      CODE     ---       #88
      00FF110CH   LINE      CODE     ---       #89
      00FF111CH   LINE      CODE     ---       #90
L251 LINKER/LOCATER V4.66.93.0                                                        01/03/2022  18:06:46  PAGE 14


      00FF1120H   LINE      CODE     ---       #91
      00FF1122H   LINE      CODE     ---       #92
      00FF1132H   LINE      CODE     ---       #93
      00FF1142H   LINE      CODE     ---       #94
      00FF1142H   LINE      CODE     ---       #95
      ---         BLOCKEND  ---      ---       LVL=0

      ---         MODULE    ---      ---       TASK
      00FF0006H   PUBLIC    CODE     ---       TASK_SETID
      00FF000EH   PUBLIC    CODE     ---       TASK_PAUSE_TASKSYS
      00FF14A9H   PUBLIC    CODE     ---       TASK_SETFUNC
      00FF1298H   PUBLIC    CODE     ---       TASK_STATE_UPDATE
      00FF1478H   PUBLIC    CODE     ---       TASK_INIT_NEWTASK
      00FF13E2H   PUBLIC    CODE     ---       TASK_DELETE_TASK
      00FF1336H   PUBLIC    CODE     ---       TASK_INIT_TASKSYS
      00FF001EH   PUBLIC    CODE     ---       Task_Excute
      00FF12C1H   PUBLIC    CODE     ---       TASK_DEINIT_TASKSYS
      00FF1143H   PUBLIC    CODE     ---       TASK_ADD_TASK
      0001004DH   PUBLIC    XDATA    ---       TaskList
      000000D0H   SFRSYM    DATA     BYTE      PSW
      00000088H   SFRSYM    DATA     BYTE      TCON
      00000098H   SFRSYM    DATA     BYTE      SCON
      000000B8H   SFRSYM    DATA     BYTE      IP
      000000A8H   SFRSYM    DATA     BYTE      IE
      000000F8H   SFRSYM    DATA     BYTE      P7
      000000E8H   SFRSYM    DATA     BYTE      P6
      000000C8H   SFRSYM    DATA     BYTE      P5
      000000C0H   SFRSYM    DATA     BYTE      P4
      000000B0H   SFRSYM    DATA     BYTE      P3
      000000A0H   SFRSYM    DATA     BYTE      P2
      00000090H   SFRSYM    DATA     BYTE      P1
      00000080H   SFRSYM    DATA     BYTE      P0

      00FF001EH   BLOCK     CODE     ---       LVL=0
      REG=2       REGSYM    ---      ---       task
      00FF001EH   LINE      CODE     ---       #16
      00FF0020H   LINE      CODE     ---       #17
      00FF0026H   LINE      CODE     ---       #18
      00FF002EH   LINE      CODE     ---       #19
      00FF003AH   LINE      CODE     ---       #20
      00FF004DH   LINE      CODE     ---       #21
      ---         BLOCKEND  ---      ---       LVL=0

      00FF1298H   BLOCK     CODE     ---       LVL=0
      00FF129AH   BLOCK     CODE     NEAR LAB  LVL=1
      WR14        REGSYM    ---      INT       i
      ---         BLOCKEND  ---      ---       LVL=1
      00FF1298H   LINE      CODE     ---       #23
      00FF129AH   LINE      CODE     ---       #25
      00FF129CH   LINE      CODE     ---       #26
      00FF12B6H   LINE      CODE     ---       #27
      00FF12BEH   LINE      CODE     ---       #28
      ---         BLOCKEND  ---      ---       LVL=0

      00FF1336H   BLOCK     CODE     ---       LVL=0
      00FF1336H   LINE      CODE     ---       #30
      00FF1336H   LINE      CODE     ---       #31
      00FF1339H   LINE      CODE     ---       #32
      00FF1355H   LINE      CODE     ---       #33
      ---         BLOCKEND  ---      ---       LVL=0

      00FF1478H   BLOCK     CODE     ---       LVL=0
      REG=2       REGSYM    ---      ---       task
      WR6         REGSYM    ---      WORD      Threshold
      REG=2       REGSYM    ---      ---       func
L251 LINKER/LOCATER V4.66.93.0                                                        01/03/2022  18:06:46  PAGE 15


      00FF1478H   LINE      CODE     ---       #36
      00FF147AH   LINE      CODE     ---       #38
      00FF147FH   LINE      CODE     ---       #39
      00FF1483H   LINE      CODE     ---       #40
      00FF1487H   LINE      CODE     ---       #41
      ---         BLOCKEND  ---      ---       LVL=0

      00FF0006H   BLOCK     CODE     ---       LVL=0
      R11         REGSYM    ---      BYTE      ID
      REG=0       REGSYM    ---      ---       task
      00FF0006H   LINE      CODE     ---       #43
      00FF0006H   LINE      CODE     ---       #44
      00FF000AH   LINE      CODE     ---       #45
      ---         BLOCKEND  ---      ---       LVL=0

      00FF14A9H   BLOCK     CODE     ---       LVL=0
      REG=3       REGSYM    ---      ---       func
      REG=2       REGSYM    ---      ---       task
      00FF14A9H   LINE      CODE     ---       #47
      00FF14ABH   LINE      CODE     ---       #48
      00FF14AFH   LINE      CODE     ---       #49
      ---         BLOCKEND  ---      ---       LVL=0

      00FF1143H   BLOCK     CODE     ---       LVL=0
      REG=7       REGSYM    ---      ---       task
      00FF1145H   BLOCK     CODE     NEAR LAB  LVL=1
      WR6         REGSYM    ---      INT       i
      ---         BLOCKEND  ---      ---       LVL=1
      00FF1143H   LINE      CODE     ---       #51
      00FF1145H   LINE      CODE     ---       #53
      00FF1147H   LINE      CODE     ---       #54
      00FF1162H   LINE      CODE     ---       #55
      00FF116FH   LINE      CODE     ---       #56
      00FF1176H   LINE      CODE     ---       #57
      00FF1176H   LINE      CODE     ---       #58
      00FF117EH   LINE      CODE     ---       #60
      ---         BLOCKEND  ---      ---       LVL=0

      00FF13E2H   BLOCK     CODE     ---       LVL=0
      REG=2       REGSYM    ---      ---       task
      00FF13E2H   LINE      CODE     ---       #62
      00FF13E4H   LINE      CODE     ---       #63
      00FF1400H   LINE      CODE     ---       #64
      ---         BLOCKEND  ---      ---       LVL=0

      00FF000EH   BLOCK     CODE     ---       LVL=0
      00FF000EH   LINE      CODE     ---       #66
      00FF000EH   LINE      CODE     ---       #67
      ---         BLOCKEND  ---      ---       LVL=0

      00FF12C1H   BLOCK     CODE     ---       LVL=0
      WR6         REGSYM    ---      INT       i
      00FF12C1H   LINE      CODE     ---       #70
      00FF12C1H   LINE      CODE     ---       #72
      00FF12C3H   LINE      CODE     ---       #73
      00FF12DCH   LINE      CODE     ---       #74
      00FF12E4H   LINE      CODE     ---       #75
      ---         BLOCKEND  ---      ---       LVL=0

      ---         MODULE    ---      ---       TIMER
      00FF0F50H   PUBLIC    CODE     ---       TIMER0_Routine
      00FF0F8FH   PUBLIC    CODE     ---       TIMER1_Routine
      00FF0FCEH   PUBLIC    CODE     ---       TIMER2_Routine
      00FF100DH   PUBLIC    CODE     ---       TIMER3_Routine
      00FF104CH   PUBLIC    CODE     ---       TIMER4_Routine
L251 LINKER/LOCATER V4.66.93.0                                                        01/03/2022  18:06:46  PAGE 16


      00FF091CH   PUBLIC    CODE     ---       TIMER_ADDRESS_INIT
      00FF0052H   PUBLIC    CODE     ---       TIMER_READ_COUNTER
      00FF0D31H   PUBLIC    CODE     ---       TIMER_ENABLE
      00FF141CH   PUBLIC    CODE     ---       TIMER_T01_SETMODE
      00FF0BF4H   PUBLIC    CODE     ---       TIMER_SET_TIMES
      00FF117FH   PUBLIC    CODE     ---       TIMER_CLEAN_COUNTER
      00FF0059H   PUBLIC    CODE     ---       TIMER_T34_SETPIN
      00FF0C49H   PUBLIC    CODE     ---       TIMER_DISABLE
      00FF144CH   PUBLIC    CODE     ---       TIMER_SET_TIMERFUNC
      00FF06BDH   PUBLIC    CODE     ---       TIMER_INIT_TIMERx
      00010000H   PUBLIC    XDATA    ---       TIMER_T01_list
      0001000CH   PUBLIC    XDATA    ---       TIMER_T34_list
      00010016H   PUBLIC    XDATA    ---       TIMER_NORMAL_list
      00010085H   PUBLIC    XDATA    ---       ?TIMER_INIT_TIMERx?BYTE
      000000D0H   SFRSYM    DATA     BYTE      PSW
      000000DBH   SFRSYM    DATA     BYTE      T4T3M
      000000CAH   SFRSYM    DATA     BYTE      T4L
      000000CCH   SFRSYM    DATA     BYTE      T3L
      000000CEH   SFRSYM    DATA     BYTE      T2L
      0000008BH   SFRSYM    DATA     BYTE      TL1
      0000008AH   SFRSYM    DATA     BYTE      TL0
      000000C9H   SFRSYM    DATA     BYTE      T4H
      000000CBH   SFRSYM    DATA     BYTE      T3H
      000000CDH   SFRSYM    DATA     BYTE      T2H
      0000008DH   SFRSYM    DATA     BYTE      TH1
      0000008CH   SFRSYM    DATA     BYTE      TH0
      00000093H   SFRSYM    DATA     BYTE      AUXR
      000000E7H   SFRSYM    DATA     BYTE      IE2
      00000088H   SFRSYM    DATA     BYTE      TCON
      00000089H   SFRSYM    DATA     BYTE      TMOD
      00000098H   SFRSYM    DATA     BYTE      SCON
      000000B8H   SFRSYM    DATA     BYTE      IP
      00000095H   SFRSYM    DATA     BYTE      INTCLKO
      000000A8H   SFRSYM    DATA     BYTE      IE
      000000F8H   SFRSYM    DATA     BYTE      P7
      000000E8H   SFRSYM    DATA     BYTE      P6
      000000C8H   SFRSYM    DATA     BYTE      P5
      000000C0H   SFRSYM    DATA     BYTE      P4
      000000B0H   SFRSYM    DATA     BYTE      P3
      000000A0H   SFRSYM    DATA     BYTE      P2
      00000090H   SFRSYM    DATA     BYTE      P1
      00000080H   SFRSYM    DATA     BYTE      P0

      00FF091CH   BLOCK     CODE     ---       LVL=0
      00FF091CH   LINE      CODE     ---       #7
      00FF091CH   LINE      CODE     ---       #8
      00FF0921H   LINE      CODE     ---       #9
      00FF0927H   LINE      CODE     ---       #10
      00FF092DH   LINE      CODE     ---       #11
      00FF0933H   LINE      CODE     ---       #12
      00FF0939H   LINE      CODE     ---       #13
      00FF0941H   LINE      CODE     ---       #15
      00FF0945H   LINE      CODE     ---       #16
      00FF094BH   LINE      CODE     ---       #17
      00FF094FH   LINE      CODE     ---       #18
      00FF0953H   LINE      CODE     ---       #19
      00FF0959H   LINE      CODE     ---       #20
      00FF095FH   LINE      CODE     ---       #22
      00FF0963H   LINE      CODE     ---       #23
      00FF0969H   LINE      CODE     ---       #24
      00FF096FH   LINE      CODE     ---       #25
      00FF0975H   LINE      CODE     ---       #26
      00FF097BH   LINE      CODE     ---       #27
      00FF0981H   LINE      CODE     ---       #29
      00FF0987H   LINE      CODE     ---       #30
L251 LINKER/LOCATER V4.66.93.0                                                        01/03/2022  18:06:46  PAGE 17


      00FF098DH   LINE      CODE     ---       #31
      00FF0993H   LINE      CODE     ---       #32
      00FF0999H   LINE      CODE     ---       #33
      00FF099FH   LINE      CODE     ---       #34
      00FF09A5H   LINE      CODE     ---       #36
      00FF09ABH   LINE      CODE     ---       #37
      00FF09B1H   LINE      CODE     ---       #38
      00FF09B7H   LINE      CODE     ---       #39
      00FF09BDH   LINE      CODE     ---       #40
      00FF09C3H   LINE      CODE     ---       #41
      00FF09C9H   LINE      CODE     ---       #43
      00FF09DBH   LINE      CODE     ---       #44
      00FF09EDH   LINE      CODE     ---       #45
      00FF09F3H   LINE      CODE     ---       #46
      00FF09F9H   LINE      CODE     ---       #47
      00FF09FFH   LINE      CODE     ---       #48
      00FF0A05H   LINE      CODE     ---       #50
      00FF0A17H   LINE      CODE     ---       #51
      00FF0A29H   LINE      CODE     ---       #52
      00FF0A2FH   LINE      CODE     ---       #53
      00FF0A33H   LINE      CODE     ---       #55
      00FF0A36H   LINE      CODE     ---       #56
      00FF0A39H   LINE      CODE     ---       #57
      ---         BLOCKEND  ---      ---       LVL=0

      00FF0BF4H   BLOCK     CODE     ---       LVL=0
      WR0         REGSYM    ---      INT       Timerx
      WR4         REGSYM    ---      INT       TorC
      WR2         REGSYM    ---      WORD      times
      00FF0BF6H   BLOCK     CODE     NEAR LAB  LVL=1
      WR8         REGSYM    ---      WORD      temp
      ---         BLOCKEND  ---      ---       LVL=1
      00FF0BF4H   LINE      CODE     ---       #59
      00FF0BF6H   LINE      CODE     ---       #61
      00FF0BFAH   LINE      CODE     ---       #62
      00FF0C02H   LINE      CODE     ---       #63
      00FF0C04H   LINE      CODE     ---       #64
      00FF0C08H   LINE      CODE     ---       #65
      00FF0C08H   LINE      CODE     ---       #66
      00FF0C1CH   LINE      CODE     ---       #67
      00FF0C1CH   LINE      CODE     ---       #68
      00FF0C20H   LINE      CODE     ---       #69
      00FF0C24H   LINE      CODE     ---       #70
      00FF0C25H   LINE      CODE     ---       #71
      00FF0C25H   LINE      CODE     ---       #72
      00FF0C29H   LINE      CODE     ---       #73
      00FF0C2DH   LINE      CODE     ---       #74
      00FF0C2EH   LINE      CODE     ---       #75
      00FF0C2EH   LINE      CODE     ---       #76
      00FF0C32H   LINE      CODE     ---       #77
      00FF0C36H   LINE      CODE     ---       #78
      00FF0C37H   LINE      CODE     ---       #79
      00FF0C37H   LINE      CODE     ---       #80
      00FF0C3BH   LINE      CODE     ---       #81
      00FF0C3FH   LINE      CODE     ---       #82
      00FF0C40H   LINE      CODE     ---       #83
      00FF0C40H   LINE      CODE     ---       #84
      00FF0C44H   LINE      CODE     ---       #85
      00FF0C48H   LINE      CODE     ---       #86
      00FF0C48H   LINE      CODE     ---       #87
      00FF0C48H   LINE      CODE     ---       #88
      00FF0C48H   LINE      CODE     ---       #89
      00FF0C48H   LINE      CODE     ---       #90
      ---         BLOCKEND  ---      ---       LVL=0

L251 LINKER/LOCATER V4.66.93.0                                                        01/03/2022  18:06:46  PAGE 18


      00FF06BDH   BLOCK     CODE     ---       LVL=0
      WR30        REGSYM    ---      INT       Timerx
      WR28        REGSYM    ---      INT       TorC
      DR24        REGSYM    ---      DWORD     times
      R15         REGSYM    ---      BYTE      F_Div
      0001008EH   SYMBOL    XDATA    BYTE      is_CLKOUT
      00FF06BDH   LINE      CODE     ---       #92
      00FF06C7H   LINE      CODE     ---       #93
      00FF06CDH   LINE      CODE     ---       #94
      00FF06E8H   LINE      CODE     ---       #95
      00FF06FDH   LINE      CODE     ---       #96
      00FF0712H   LINE      CODE     ---       #97
      00FF071CH   LINE      CODE     ---       #98
      00FF0722H   LINE      CODE     ---       #99
      00FF0722H   LINE      CODE     ---       #100
      00FF072AH   LINE      CODE     ---       #101
      00FF0756H   LINE      CODE     ---       #102
      00FF076BH   LINE      CODE     ---       #103
      00FF077DH   LINE      CODE     ---       #107
      00FF0787H   LINE      CODE     ---       #108
      00FF0789H   LINE      CODE     ---       #109
      00FF07C6H   LINE      CODE     ---       #114
      00FF07E2H   LINE      CODE     ---       #119
      00FF07E2H   LINE      CODE     ---       #120
      00FF07EBH   LINE      CODE     ---       #121
      ---         BLOCKEND  ---      ---       LVL=0

      00FF141CH   BLOCK     CODE     ---       LVL=0
      WR6         REGSYM    ---      INT       Timerx
      WR4         REGSYM    ---      INT       Mode
      00FF141CH   LINE      CODE     ---       #123
      00FF141CH   LINE      CODE     ---       #124
      00FF1431H   LINE      CODE     ---       #125
      00FF1435H   LINE      CODE     ---       #126
      ---         BLOCKEND  ---      ---       LVL=0

      00FF0059H   BLOCK     CODE     ---       LVL=0
      00FF0059H   LINE      CODE     ---       #129
      00FF0059H   LINE      CODE     ---       #131
      ---         BLOCKEND  ---      ---       LVL=0

      00FF0D31H   BLOCK     CODE     ---       LVL=0
      WR2         REGSYM    ---      INT       Timerx
      00FF0D31H   LINE      CODE     ---       #133
      00FF0D33H   LINE      CODE     ---       #134
      00FF0D39H   LINE      CODE     ---       #135
      00FF0D4CH   LINE      CODE     ---       #136
      00FF0D53H   LINE      CODE     ---       #137
      00FF0D66H   LINE      CODE     ---       #138
      00FF0D67H   LINE      CODE     ---       #139
      00FF0D7AH   LINE      CODE     ---       #140
      00FF0D7AH   LINE      CODE     ---       #141
      ---         BLOCKEND  ---      ---       LVL=0

      00FF0C49H   BLOCK     CODE     ---       LVL=0
      WR2         REGSYM    ---      INT       Timerx
      00FF0C49H   LINE      CODE     ---       #143
      00FF0C4BH   LINE      CODE     ---       #144
      00FF0C51H   LINE      CODE     ---       #145
      00FF0C66H   LINE      CODE     ---       #146
      00FF0C6DH   LINE      CODE     ---       #147
      00FF0C82H   LINE      CODE     ---       #148
      00FF0C83H   LINE      CODE     ---       #149
      00FF0C98H   LINE      CODE     ---       #150
      00FF0C98H   LINE      CODE     ---       #151
L251 LINKER/LOCATER V4.66.93.0                                                        01/03/2022  18:06:46  PAGE 19


      ---         BLOCKEND  ---      ---       LVL=0

      00FF144CH   BLOCK     CODE     ---       LVL=0
      WR6         REGSYM    ---      INT       Timerx
      REG=2       REGSYM    ---      ---       func
      00FF144CH   LINE      CODE     ---       #153
      00FF144CH   LINE      CODE     ---       #154
      00FF1461H   LINE      CODE     ---       #155
      ---         BLOCKEND  ---      ---       LVL=0

      00FF0052H   BLOCK     CODE     ---       LVL=0
      WR6         REGSYM    ---      INT       Timerx
      00FF0052H   LINE      CODE     ---       #157
      00FF0052H   LINE      CODE     ---       #159
      00FF0052H   LINE      CODE     ---       #160
      00FF0052H   LINE      CODE     ---       #161
      00FF0052H   LINE      CODE     ---       #162
      00FF0052H   LINE      CODE     ---       #163
      00FF0052H   LINE      CODE     ---       #164
      00FF0052H   LINE      CODE     ---       #165
      00FF0052H   LINE      CODE     ---       #166
      00FF0052H   LINE      CODE     ---       #167
      00FF0052H   LINE      CODE     ---       #168
      00FF0052H   LINE      CODE     ---       #169
      00FF0052H   LINE      CODE     ---       #170
      00FF0052H   LINE      CODE     ---       #171
      00FF0052H   LINE      CODE     ---       #172
      00FF0052H   LINE      CODE     ---       #173
      00FF0052H   LINE      CODE     ---       #174
      00FF0052H   LINE      CODE     ---       #175
      00FF0052H   LINE      CODE     ---       #176
      00FF0052H   LINE      CODE     ---       #177
      00FF0052H   LINE      CODE     ---       #178
      00FF0052H   LINE      CODE     ---       #179
      00FF0052H   LINE      CODE     ---       #180
      00FF0052H   LINE      CODE     ---       #181
      00FF0052H   LINE      CODE     ---       #182
      00FF0052H   LINE      CODE     ---       #183
      00FF0052H   LINE      CODE     ---       #184
      ---         BLOCKEND  ---      ---       LVL=0

      00FF117FH   BLOCK     CODE     ---       LVL=0
      WR6         REGSYM    ---      INT       Timerx
      00FF117FH   LINE      CODE     ---       #186
      00FF117FH   LINE      CODE     ---       #187
      00FF1193H   LINE      CODE     ---       #188
      00FF1193H   LINE      CODE     ---       #189
      00FF1196H   LINE      CODE     ---       #190
      00FF1199H   LINE      CODE     ---       #191
      00FF119AH   LINE      CODE     ---       #192
      00FF119AH   LINE      CODE     ---       #193
      00FF119DH   LINE      CODE     ---       #194
      00FF11A0H   LINE      CODE     ---       #195
      00FF11A1H   LINE      CODE     ---       #196
      00FF11A1H   LINE      CODE     ---       #197
      00FF11A4H   LINE      CODE     ---       #198
      00FF11A7H   LINE      CODE     ---       #199
      00FF11A8H   LINE      CODE     ---       #200
      00FF11A8H   LINE      CODE     ---       #201
      00FF11ABH   LINE      CODE     ---       #202
      00FF11AEH   LINE      CODE     ---       #203
      00FF11AFH   LINE      CODE     ---       #204
      00FF11AFH   LINE      CODE     ---       #205
      00FF11B2H   LINE      CODE     ---       #206
      00FF11B5H   LINE      CODE     ---       #207
L251 LINKER/LOCATER V4.66.93.0                                                        01/03/2022  18:06:46  PAGE 20


      00FF11B5H   LINE      CODE     ---       #208
      00FF11B5H   LINE      CODE     ---       #209
      00FF11B5H   LINE      CODE     ---       #210
      00FF11B5H   LINE      CODE     ---       #211
      ---         BLOCKEND  ---      ---       LVL=0

      00FF0F50H   BLOCK     CODE     ---       LVL=0
      00FF0F50H   LINE      CODE     ---       #213
      00FF0F66H   LINE      CODE     ---       #215
      00FF0F78H   LINE      CODE     ---       #216
      ---         BLOCKEND  ---      ---       LVL=0

      00FF0F8FH   BLOCK     CODE     ---       LVL=0
      00FF0F8FH   LINE      CODE     ---       #218
      00FF0FA5H   LINE      CODE     ---       #220
      00FF0FB7H   LINE      CODE     ---       #221
      ---         BLOCKEND  ---      ---       LVL=0

      00FF0FCEH   BLOCK     CODE     ---       LVL=0
      00FF0FCEH   LINE      CODE     ---       #223
      00FF0FE4H   LINE      CODE     ---       #225
      00FF0FF6H   LINE      CODE     ---       #226
      ---         BLOCKEND  ---      ---       LVL=0

      00FF100DH   BLOCK     CODE     ---       LVL=0
      00FF100DH   LINE      CODE     ---       #228
      00FF1023H   LINE      CODE     ---       #230
      00FF1035H   LINE      CODE     ---       #231
      ---         BLOCKEND  ---      ---       LVL=0

      00FF104CH   BLOCK     CODE     ---       LVL=0
      00FF104CH   LINE      CODE     ---       #233
      00FF1062H   LINE      CODE     ---       #235
      00FF1074H   LINE      CODE     ---       #236
      ---         BLOCKEND  ---      ---       LVL=0

      ---         MODULE    ---      ---       main
      00FF009EH   PUBLIC    CODE     ---       main
      00FF1488H   PUBLIC    CODE     ---       SYS_INIT_ALL
      000000D0H   SFRSYM    DATA     BYTE      PSW
      00000088H   SFRSYM    DATA     BYTE      TCON
      00000098H   SFRSYM    DATA     BYTE      SCON
      000000B8H   SFRSYM    DATA     BYTE      IP
      000000A8H   SFRSYM    DATA     BYTE      IE
      000000F8H   SFRSYM    DATA     BYTE      P7
      000000E8H   SFRSYM    DATA     BYTE      P6
      000000C8H   SFRSYM    DATA     BYTE      P5
      000000C0H   SFRSYM    DATA     BYTE      P4
      000000B0H   SFRSYM    DATA     BYTE      P3
      000000A0H   SFRSYM    DATA     BYTE      P2
      00000090H   SFRSYM    DATA     BYTE      P1
      00000080H   SFRSYM    DATA     BYTE      P0

      00FF1488H   BLOCK     CODE     ---       LVL=0
      00FF1488H   LINE      CODE     ---       #3
      00FF1488H   LINE      CODE     ---       #4
      00FF148BH   LINE      CODE     ---       #5
      00FF148EH   LINE      CODE     ---       #6
      00FF1491H   LINE      CODE     ---       #7
      ---         BLOCKEND  ---      ---       LVL=0

      00FF009EH   BLOCK     CODE     ---       LVL=0
      00FF009EH   LINE      CODE     ---       #17
      00FF009EH   LINE      CODE     ---       #18
      ---         BLOCKEND  ---      ---       LVL=0
L251 LINKER/LOCATER V4.66.93.0                                                        01/03/2022  18:06:46  PAGE 21



      ---         MODULE    ---      ---       PID
      00FF07EEH   PUBLIC    CODE     ---       PID_CLAC_RESULT
      00FF0B8EH   PUBLIC    CODE     ---       PID_INIT_NEWPID
      00FF11B6H   PUBLIC    CODE     ---       PID_SET_FACTORS
      00FF005AH   PUBLIC    CODE     ---       PID_DEINIT_PID
      00FF1494H   PUBLIC    CODE     ---       PID_SET_TARGET
      00010072H   PUBLIC    XDATA    ---       ?PID_SET_FACTORS?BYTE
      00010064H   PUBLIC    XDATA    ---       ?PID_INIT_NEWPID?BYTE

      00FF1494H   BLOCK     CODE     ---       LVL=0
      REG=7       REGSYM    ---      ---       PID_CONTROL
      DR4         REGSYM    ---      FLOAT     Param_Target
      00FF1494H   LINE      CODE     ---       #14
      00FF1496H   LINE      CODE     ---       #15
      00FF149EH   LINE      CODE     ---       #16
      ---         BLOCKEND  ---      ---       LVL=0

      00FF11B6H   BLOCK     CODE     ---       LVL=0
      REG=2       REGSYM    ---      ---       PID_CONTROL
      DR4         REGSYM    ---      FLOAT     Param_P
      0001007AH   SYMBOL    XDATA    FLOAT     Param_I
      0001007EH   SYMBOL    XDATA    FLOAT     Param_D
      00FF11B6H   LINE      CODE     ---       #18
      00FF11B8H   LINE      CODE     ---       #19
      00FF11C0H   LINE      CODE     ---       #20
      00FF11D2H   LINE      CODE     ---       #21
      00FF11E4H   LINE      CODE     ---       #22
      ---         BLOCKEND  ---      ---       LVL=0

      00FF07EEH   BLOCK     CODE     ---       LVL=0
      REG=6       REGSYM    ---      ---       PID_CONTROL
      DR28        REGSYM    ---      FLOAT     CURRENT_INPUT
      00FF07F4H   BLOCK     CODE     NEAR LAB  LVL=1
      DR12        REGSYM    ---      FLOAT     PID_OUTPUT
      DR20        REGSYM    ---      FLOAT     ERROR
      DR16        REGSYM    ---      FLOAT     d_ERROR
      ---         BLOCKEND  ---      ---       LVL=1
      00FF07EEH   LINE      CODE     ---       #24
      00FF07F4H   LINE      CODE     ---       #27
      00FF07FEH   LINE      CODE     ---       #28
      00FF080DH   LINE      CODE     ---       #29
      00FF0826H   LINE      CODE     ---       #30
      00FF083DH   LINE      CODE     ---       #31
      00FF0845H   LINE      CODE     ---       #32
      00FF084DH   LINE      CODE     ---       #33
      00FF088AH   LINE      CODE     ---       #38
      00FF088DH   LINE      CODE     ---       #39
      00FF089CH   LINE      CODE     ---       #40
      00FF08C3H   LINE      CODE     ---       #41
      00FF08FFH   LINE      CODE     ---       #46
      00FF090FH   LINE      CODE     ---       #47
      00FF0917H   LINE      CODE     ---       #48
      00FF0917H   LINE      CODE     ---       #49
      00FF0919H   LINE      CODE     ---       #50
      ---         BLOCKEND  ---      ---       LVL=0

      00FF0B8EH   BLOCK     CODE     ---       LVL=0
      REG=3       REGSYM    ---      ---       NEW_PID
      DR8         REGSYM    ---      FLOAT     Param_P
      0001006CH   SYMBOL    XDATA    FLOAT     Param_I
      00010070H   SYMBOL    XDATA    FLOAT     Param_D
      00010074H   SYMBOL    XDATA    FLOAT     Param_Target
      00010078H   SYMBOL    XDATA    INT       PID_MODE
      00FF0B8EH   LINE      CODE     ---       #52
L251 LINKER/LOCATER V4.66.93.0                                                        01/03/2022  18:06:46  PAGE 22


      00FF0B94H   LINE      CODE     ---       #54
      00FF0B9DH   LINE      CODE     ---       #55
      00FF0BA7H   LINE      CODE     ---       #56
      00FF0BAFH   LINE      CODE     ---       #57
      00FF0BB7H   LINE      CODE     ---       #58
      00FF0BE4H   LINE      CODE     ---       #59
      00FF0BF1H   LINE      CODE     ---       #60
      ---         BLOCKEND  ---      ---       LVL=0

      00FF005AH   BLOCK     CODE     ---       LVL=0
      00FF005AH   LINE      CODE     ---       #62
      00FF005AH   LINE      CODE     ---       #64
      ---         BLOCKEND  ---      ---       LVL=0

      ---         MODULE    ---      ---       EM_SENSOR
      000000D0H   SFRSYM    DATA     BYTE      PSW
      00000088H   SFRSYM    DATA     BYTE      TCON
      00000098H   SFRSYM    DATA     BYTE      SCON
      000000B8H   SFRSYM    DATA     BYTE      IP
      000000A8H   SFRSYM    DATA     BYTE      IE
      000000F8H   SFRSYM    DATA     BYTE      P7
      000000E8H   SFRSYM    DATA     BYTE      P6
      000000C8H   SFRSYM    DATA     BYTE      P5
      000000C0H   SFRSYM    DATA     BYTE      P4
      000000B0H   SFRSYM    DATA     BYTE      P3
      000000A0H   SFRSYM    DATA     BYTE      P2
      00000090H   SFRSYM    DATA     BYTE      P1
      00000080H   SFRSYM    DATA     BYTE      P0

      ---         MODULE    ---      ---       ENCODE_SENSOR
      00FF135AH   PUBLIC    CODE     ---       ENCODING_READ_RESULT
      00FF126DH   PUBLIC    CODE     ---       ENCODING_INIT
      00FF137DH   PUBLIC    CODE     ---       ENCODING_DEINIT
      000000D0H   SFRSYM    DATA     BYTE      PSW
      00000088H   SFRSYM    DATA     BYTE      TCON
      00000098H   SFRSYM    DATA     BYTE      SCON
      000000B8H   SFRSYM    DATA     BYTE      IP
      000000A8H   SFRSYM    DATA     BYTE      IE
      000000F8H   SFRSYM    DATA     BYTE      P7
      000000E8H   SFRSYM    DATA     BYTE      P6
      000000C8H   SFRSYM    DATA     BYTE      P5
      000000C0H   SFRSYM    DATA     BYTE      P4
      000000B0H   SFRSYM    DATA     BYTE      P3
      000000A0H   SFRSYM    DATA     BYTE      P2
      00000090H   SFRSYM    DATA     BYTE      P1
      00000080H   SFRSYM    DATA     BYTE      P0

      00FF126DH   BLOCK     CODE     ---       LVL=0
      WR14        REGSYM    ---      INT       TIMERx_Pxx
      00FF126DH   LINE      CODE     ---       #13
      00FF1271H   LINE      CODE     ---       #14
      00FF128BH   LINE      CODE     ---       #15
      00FF1290H   LINE      CODE     ---       #16
      00FF1295H   LINE      CODE     ---       #17
      ---         BLOCKEND  ---      ---       LVL=0

      00FF135AH   BLOCK     CODE     ---       LVL=0
      WR14        REGSYM    ---      INT       TIMERx_Pxx
      00FF135EH   BLOCK     CODE     NEAR LAB  LVL=1
      00010086H   SYMBOL    XDATA    DWORD     RESULT
      ---         BLOCKEND  ---      ---       LVL=1
      00FF135AH   LINE      CODE     ---       #19
      00FF135EH   LINE      CODE     ---       #21
      00FF136BH   LINE      CODE     ---       #22
      00FF1370H   LINE      CODE     ---       #23
L251 LINKER/LOCATER V4.66.93.0                                                        01/03/2022  18:06:46  PAGE 23


      00FF137AH   LINE      CODE     ---       #24
      ---         BLOCKEND  ---      ---       LVL=0

      00FF137DH   BLOCK     CODE     ---       LVL=0
      WR14        REGSYM    ---      INT       TIMERx_Pxx
      00FF137DH   LINE      CODE     ---       #26
      00FF1381H   LINE      CODE     ---       #27
      00FF1397H   LINE      CODE     ---       #28
      00FF139CH   LINE      CODE     ---       #29
      ---         BLOCKEND  ---      ---       LVL=0

      ---         MODULE    ---      ---       SERVO_MOTOR
      00FF1462H   PUBLIC    CODE     ---       SERVO_INIT_MOTOR
      00FF14B0H   PUBLIC    CODE     ---       SERVO_DEINIT_MOTOR
      00FF11E5H   PUBLIC    CODE     ---       SERVO_SET_ANGLE
      000000D0H   SFRSYM    DATA     BYTE      PSW
      00000088H   SFRSYM    DATA     BYTE      TCON
      00000098H   SFRSYM    DATA     BYTE      SCON
      000000B8H   SFRSYM    DATA     BYTE      IP
      000000A8H   SFRSYM    DATA     BYTE      IE
      000000F8H   SFRSYM    DATA     BYTE      P7
      000000E8H   SFRSYM    DATA     BYTE      P6
      000000C8H   SFRSYM    DATA     BYTE      P5
      000000C0H   SFRSYM    DATA     BYTE      P4
      000000B0H   SFRSYM    DATA     BYTE      P3
      000000A0H   SFRSYM    DATA     BYTE      P2
      00000090H   SFRSYM    DATA     BYTE      P1
      00000080H   SFRSYM    DATA     BYTE      P0

      00FF1462H   BLOCK     CODE     ---       LVL=0
      00FF1462H   LINE      CODE     ---       #16
      00FF1462H   LINE      CODE     ---       #17
      00FF1471H   LINE      CODE     ---       #18
      ---         BLOCKEND  ---      ---       LVL=0

      00FF11E5H   BLOCK     CODE     ---       LVL=0
      WR2         REGSYM    ---      INT       Angle
      00FF11E7H   BLOCK     CODE     NEAR LAB  LVL=1
      WR4         REGSYM    ---      WORD      DUTY
      ---         BLOCKEND  ---      ---       LVL=1
      00FF11E5H   LINE      CODE     ---       #21
      00FF11E7H   LINE      CODE     ---       #23
      00FF11F1H   LINE      CODE     ---       #24
      00FF11FBH   LINE      CODE     ---       #25
      00FF120CH   LINE      CODE     ---       #26
      ---         BLOCKEND  ---      ---       LVL=0

      00FF14B0H   BLOCK     CODE     ---       LVL=0
      00FF14B0H   LINE      CODE     ---       #29
      00FF14B0H   LINE      CODE     ---       #30
      ---         BLOCKEND  ---      ---       LVL=0

      ---         MODULE    ---      ---       STEP_MOTOR
      00FF139FH   PUBLIC    CODE     ---       STEP_MOTOR_BACK
      00FF0DC2H   PUBLIC    CODE     ---       STEP_MOTOR_SET_DUTY
      00FF13C1H   PUBLIC    CODE     ---       STEP_MOTOR_FORWARD
      00FF1213H   PUBLIC    CODE     ---       STEP_MOTOR_INIT
      00FF12E9H   PUBLIC    CODE     ---       STEP_MOTOR_STOP
      000000D0H   SFRSYM    DATA     BYTE      PSW
      00000088H   SFRSYM    DATA     BYTE      TCON
      00000098H   SFRSYM    DATA     BYTE      SCON
      000000B8H   SFRSYM    DATA     BYTE      IP
      000000A8H   SFRSYM    DATA     BYTE      IE
      000000F8H   SFRSYM    DATA     BYTE      P7
      000000E8H   SFRSYM    DATA     BYTE      P6
L251 LINKER/LOCATER V4.66.93.0                                                        01/03/2022  18:06:46  PAGE 24


      000000C8H   SFRSYM    DATA     BYTE      P5
      000000C0H   SFRSYM    DATA     BYTE      P4
      000000B0H   SFRSYM    DATA     BYTE      P3
      000000A0H   SFRSYM    DATA     BYTE      P2
      00000090H   SFRSYM    DATA     BYTE      P1
      00000080H   SFRSYM    DATA     BYTE      P0

      00FF1213H   BLOCK     CODE     ---       LVL=0
      REG=2       REGSYM    ---      ---       MOTOR
      WR4         REGSYM    ---      INT       ALI
      WR14        REGSYM    ---      INT       BLI
      00FF1213H   LINE      CODE     ---       #27
      00FF121BH   LINE      CODE     ---       #28
      00FF1221H   LINE      CODE     ---       #29
      00FF1224H   LINE      CODE     ---       #30
      00FF1228H   LINE      CODE     ---       #31
      00FF1233H   LINE      CODE     ---       #32
      00FF123EH   LINE      CODE     ---       #33
      ---         BLOCKEND  ---      ---       LVL=0

      00FF0DC2H   BLOCK     CODE     ---       LVL=0
      0001008AH   SYMBOL    XDATA    ---       MOTOR
      WR14        REGSYM    ---      WORD      Duty
      00FF0DC2H   LINE      CODE     ---       #35
      00FF0DD0H   LINE      CODE     ---       #36
      00FF0DDEH   LINE      CODE     ---       #37
      00FF0DF0H   LINE      CODE     ---       #38
      00FF0E03H   LINE      CODE     ---       #39
      ---         BLOCKEND  ---      ---       LVL=0

      00FF13C1H   BLOCK     CODE     ---       LVL=0
      REG=3       REGSYM    ---      ---       MOTOR
      00FF13C1H   LINE      CODE     ---       #41
      00FF13C5H   LINE      CODE     ---       #42
      00FF13CBH   LINE      CODE     ---       #43
      00FF13D2H   LINE      CODE     ---       #44
      00FF13D9H   LINE      CODE     ---       #45
      00FF13DFH   LINE      CODE     ---       #46
      ---         BLOCKEND  ---      ---       LVL=0

      00FF12E9H   BLOCK     CODE     ---       LVL=0
      REG=3       REGSYM    ---      ---       MOTOR
      00FF12E9H   LINE      CODE     ---       #48
      00FF12EDH   LINE      CODE     ---       #49
      00FF12F3H   LINE      CODE     ---       #50
      00FF12FAH   LINE      CODE     ---       #51
      00FF1301H   LINE      CODE     ---       #52
      00FF1307H   LINE      CODE     ---       #53
      00FF130EH   LINE      CODE     ---       #54
      ---         BLOCKEND  ---      ---       LVL=0

      00FF139FH   BLOCK     CODE     ---       LVL=0
      REG=3       REGSYM    ---      ---       MOTOR
      00FF139FH   LINE      CODE     ---       #56
      00FF13A3H   LINE      CODE     ---       #57
      00FF13A9H   LINE      CODE     ---       #58
      00FF13B0H   LINE      CODE     ---       #59
      00FF13B7H   LINE      CODE     ---       #60
      00FF13BEH   LINE      CODE     ---       #61
      ---         BLOCKEND  ---      ---       LVL=0

      ---         MODULE    ---      ---       ?C?FPADD
      00FF00ACH   PUBLIC    CODE     ---       ?C?FPADD
      00FF00A9H   PUBLIC    CODE     ---       ?C?FPSUB

L251 LINKER/LOCATER V4.66.93.0                                                        01/03/2022  18:06:46  PAGE 25


      ---         MODULE    ---      ---       ?C?FPMUL
      00FF0164H   PUBLIC    CODE     ---       ?C?FPMUL

      ---         MODULE    ---      ---       ?C?FPDIV
      00FF0204H   PUBLIC    CODE     ---       ?C?FPDIV

      ---         MODULE    ---      ---       ?C?FCAST
      00FF028FH   PUBLIC    CODE     NEAR LAB  ?C?FCASTC
      00FF028AH   PUBLIC    CODE     NEAR LAB  ?C?FCASTI
      00FF0285H   PUBLIC    CODE     NEAR LAB  ?C?FCASTL

      ---         MODULE    ---      ---       ?C?CASTF
      00FF02C2H   PUBLIC    CODE     NEAR LAB  ?C?CASTF

      ---         MODULE    ---      ---       ?C?FPGETOPN
      00FF02FFH   PUBLIC    CODE     ---       ?C?FPGETOPN2
      00FF033CH   PUBLIC    CODE     ---       ?C?FPNANRESULT
      00FF0344H   PUBLIC    CODE     ---       ?C?FPOVERFLOW
      00FF0318H   PUBLIC    CODE     ---       ?C?FPRESULT
      00FF032EH   PUBLIC    CODE     ---       ?C?FPRESULT2
      00FF0341H   PUBLIC    CODE     ---       ?C?FPUNDERFLOW

      ---         MODULE    ---      ---       ?C_START
      00FF0000H   PUBLIC    CODE     ---       ?C?STARTUP
      00FF0000H   PUBLIC    CODE     ---       ?C_STARTUP

      ---         MODULE    ---      ---       ?C?INITHDATA
      00FF0D8EH   PUBLIC    CODE     ---       ?C?INITHDATA

      ---         MODULE    ---      ---       ?C?SIDIV
      00FF0350H   PUBLIC    CODE     ---       ?C?SIDIV

      ---         MODULE    ---      ---       ?C?ULDIV
      00FF0384H   PUBLIC    CODE     NEAR LAB  ?C?ULDIV
      00FF0382H   PUBLIC    CODE     NEAR LAB  ?C?ULIDIV

      ---         MODULE    ---      ---       ?C?INITHDATA_END
      00FF151DH   PUBLIC    HCONST   WORD      ?C?INITHDATA_END



*** WARNING L57: UNCALLED FUNCTION, IGNORED FOR OVERLAY PROCESS
    NAME:    ADC_DISABLE/ADC

*** WARNING L57: UNCALLED FUNCTION, IGNORED FOR OVERLAY PROCESS
    NAME:    ADC_READ/ADC

*** WARNING L57: UNCALLED FUNCTION, IGNORED FOR OVERLAY PROCESS
    NAME:    ADC_ENABLE/ADC

*** WARNING L57: UNCALLED FUNCTION, IGNORED FOR OVERLAY PROCESS
    NAME:    ADC_INIT/ADC

*** WARNING L57: UNCALLED FUNCTION, IGNORED FOR OVERLAY PROCESS
    NAME:    BOARD_INIT/BOARD

*** WARNING L57: UNCALLED FUNCTION, IGNORED FOR OVERLAY PROCESS
    NAME:    IQR_Disable_ALL/BOARD

*** WARNING L57: UNCALLED FUNCTION, IGNORED FOR OVERLAY PROCESS
    NAME:    DELAY_ms/DELAY

*** WARNING L57: UNCALLED FUNCTION, IGNORED FOR OVERLAY PROCESS
    NAME:    EXINT_ENABLE/EXINT

L251 LINKER/LOCATER V4.66.93.0                                                        01/03/2022  18:06:46  PAGE 26


*** WARNING L57: UNCALLED FUNCTION, IGNORED FOR OVERLAY PROCESS
    NAME:    EXINT_INIT/EXINT

*** WARNING L57: UNCALLED FUNCTION, IGNORED FOR OVERLAY PROCESS
    NAME:    EXINT_DISABLE/EXINT

*** WARNING L57: UNCALLED FUNCTION, IGNORED FOR OVERLAY PROCESS
    NAME:    NVIC_SET_PRIORITY/NVIC

*** WARNING L57: UNCALLED FUNCTION, IGNORED FOR OVERLAY PROCESS
    NAME:    TASK_PAUSE_TASKSYS/TASK

*** WARNING L57: UNCALLED FUNCTION, IGNORED FOR OVERLAY PROCESS
    NAME:    TASK_SETFUNC/TASK

*** WARNING L57: UNCALLED FUNCTION, IGNORED FOR OVERLAY PROCESS
    NAME:    TASK_INIT_NEWTASK/TASK

*** WARNING L57: UNCALLED FUNCTION, IGNORED FOR OVERLAY PROCESS
    NAME:    TASK_DELETE_TASK/TASK

*** WARNING L57: UNCALLED FUNCTION, IGNORED FOR OVERLAY PROCESS
    NAME:    TASK_INIT_TASKSYS/TASK

*** WARNING L57: UNCALLED FUNCTION, IGNORED FOR OVERLAY PROCESS
    NAME:    TASK_DEINIT_TASKSYS/TASK

*** WARNING L57: UNCALLED FUNCTION, IGNORED FOR OVERLAY PROCESS
    NAME:    TASK_ADD_TASK/TASK

*** WARNING L57: UNCALLED FUNCTION, IGNORED FOR OVERLAY PROCESS
    NAME:    TIMER_T01_SETMODE/TIMER

*** WARNING L57: UNCALLED FUNCTION, IGNORED FOR OVERLAY PROCESS
    NAME:    TIMER_T34_SETPIN/TIMER

*** WARNING L57: UNCALLED FUNCTION, IGNORED FOR OVERLAY PROCESS
    NAME:    TIMER_SET_TIMERFUNC/TIMER

*** WARNING L57: UNCALLED FUNCTION, IGNORED FOR OVERLAY PROCESS
    NAME:    PID_CLAC_RESULT/PID

*** WARNING L57: UNCALLED FUNCTION, IGNORED FOR OVERLAY PROCESS
    NAME:    PID_INIT_NEWPID/PID

*** WARNING L57: UNCALLED FUNCTION, IGNORED FOR OVERLAY PROCESS
    NAME:    PID_DEINIT_PID/PID

*** WARNING L57: UNCALLED FUNCTION, IGNORED FOR OVERLAY PROCESS
    NAME:    ENCODING_READ_RESULT/ENCODE_SENSOR

*** WARNING L57: UNCALLED FUNCTION, IGNORED FOR OVERLAY PROCESS
    NAME:    ENCODING_INIT/ENCODE_SENSOR

*** WARNING L57: UNCALLED FUNCTION, IGNORED FOR OVERLAY PROCESS
    NAME:    ENCODING_DEINIT/ENCODE_SENSOR

*** WARNING L57: UNCALLED FUNCTION, IGNORED FOR OVERLAY PROCESS
    NAME:    SERVO_INIT_MOTOR/SERVO_MOTOR

*** WARNING L57: UNCALLED FUNCTION, IGNORED FOR OVERLAY PROCESS
    NAME:    SERVO_DEINIT_MOTOR/SERVO_MOTOR

*** WARNING L57: UNCALLED FUNCTION, IGNORED FOR OVERLAY PROCESS
    NAME:    SERVO_SET_ANGLE/SERVO_MOTOR
L251 LINKER/LOCATER V4.66.93.0                                                        01/03/2022  18:06:46  PAGE 27



*** WARNING L57: UNCALLED FUNCTION, IGNORED FOR OVERLAY PROCESS
    NAME:    STEP_MOTOR_BACK/STEP_MOTOR

*** WARNING L57: UNCALLED FUNCTION, IGNORED FOR OVERLAY PROCESS
    NAME:    STEP_MOTOR_SET_DUTY/STEP_MOTOR

*** WARNING L57: UNCALLED FUNCTION, IGNORED FOR OVERLAY PROCESS
    NAME:    STEP_MOTOR_FORWARD/STEP_MOTOR

*** WARNING L57: UNCALLED FUNCTION, IGNORED FOR OVERLAY PROCESS
    NAME:    STEP_MOTOR_INIT/STEP_MOTOR

*** WARNING L57: UNCALLED FUNCTION, IGNORED FOR OVERLAY PROCESS
    NAME:    STEP_MOTOR_STOP/STEP_MOTOR

Program Size: data=8.0 edata+hdata=256 xdata=145 const=104 code=5297
L251 RUN COMPLETE.  35 WARNING(S),  0 ERROR(S)
