C251 COMPILER V5.60.0,  main                                                               03/01/22  15:51:56  PAGE 1   


C251 COMPILER V5.60.0, COMPILATION OF MODULE main
OBJECT MODULE PLACED IN ..\Output\main.obj
COMPILER INVOKED BY: F:\ProgramData\keil5\C251\BIN\C251.EXE ..\CODES\USERS\main.c LARGE INTR2 BROWSE INCDIR(..\CODES\BOA
                    -RD;..\CODES\ALGORITHM;..\CODES\DRIVER;..\CODES\USERS) DEBUG PRINT(.\Listings\main.lst) OBJECT(..\Output\main.obj) 

stmt  level    source

    1          #include "HEADFILE.h"
    2          #include "PID.h"
    3          #include "ENCODE_SENSOR.h"
    4          #include "SERVO_MOTOR.h"
    5          
    6          void SYS_INIT_ALL(){
    7   1              DELAY_INIT();
    8   1          EXINT_ADDRESS_INIT();
    9   1          TIMER_ADDRESS_INIT();
   10   1          IQR_Enable_ALL();
   11   1          //TASK_INIT_TASKSYS();  //多任务系统,开启则占用定时器TIMER0
   12   1      }
   13          
   14          //UserCode-------------------------------------------------------------------------------------------
   15          
   16          
   17          
   18          //UserCode-------------------------------------------------------------------------------------------
   19          
   20          void main(){
   21   1          SYS_INIT_ALL();
   22   1          //UserCode---------------------------------------------------------------------------------------
   23   1              
   24   1              
   25   1          //UserCode---------------------------------------------------------------------------------------
   26   1      }


Module Information          Static   Overlayable
------------------------------------------------
  code size            =        15     ------
  ecode size           =    ------     ------
  data size            =    ------     ------
  idata size           =    ------     ------
  pdata size           =    ------     ------
  xdata size           =    ------     ------
  xdata-const size     =    ------     ------
  edata size           =    ------     ------
  bit size             =    ------     ------
  ebit size            =    ------     ------
  bitaddressable size  =    ------     ------
  ebitaddressable size =    ------     ------
  far data size        =    ------     ------
  huge data size       =    ------     ------
  const size           =    ------     ------
  hconst size          =    ------     ------
End of Module Information.


C251 COMPILATION COMPLETE.  0 WARNING(S),  0 ERROR(S)
