C251 COMPILER V5.60.0,  NVIC                                                               10/01/22  22:23:44  PAGE 1   


C251 COMPILER V5.60.0, COMPILATION OF MODULE NVIC
OBJECT MODULE PLACED IN ..\Output\NVIC.obj
COMPILER INVOKED BY: F:\ProgramData\keil5\C251\BIN\C251.EXE ..\CODES\BOARD\NVIC.c LARGE INTR2 BROWSE INCDIR(..\CODES\BOA
                    -RD;..\CODES\ALGORITHM;..\CODES\DRIVER;..\CODES\USERS) DEBUG PRINT(.\Listings\NVIC.lst) OBJECT(..\Output\NVIC.obj) 

stmt  level    source

    1          /*
    2           * @Description  : NVIC封装实现
    3           * @Author       : FZU Liao
    4           * @Date         : 2021-12-29 16:55:44
    5           * @LastEditors  : Liao
    6           * @LastEditTime : 2022-01-03 12:33:01
    7           * @FilePath     : \BOARD\NVIC.c
    8           * Copyright 2021 FZU Liao, All Rights Reserved. 
    9           */
   10          
   11          #include "NVIC.h"
   12          
   13          void NVIC_SET_PRIORITY(NVIC_IRQn_enum INTtype_IRQn,uint8 Priority){
   14   1          if(INTtype_IRQn>>4==0){
   15   2              IP   &= ~(0x01<<INTtype_IRQn);
   16   2              IPH  &= ~(0x01<<INTtype_IRQn);
   17   2              IP   |= ((Priority%2)<<INTtype_IRQn);
   18   2              IPH  |= ((Priority/2)<<INTtype_IRQn);
   19   2          }else if(INTtype_IRQn>>4==1){
   20   2              IP2  &= ~(0x01<<(INTtype_IRQn-16));
   21   2              IP2H &= ~(0x01<<(INTtype_IRQn-16));
   22   2              IP2  |= ((Priority%2)<<(INTtype_IRQn-16));
   23   2              IP2H |= ((Priority/2)<<(INTtype_IRQn-16));
   24   2          }
   25   1      }


Module Information          Static   Overlayable
------------------------------------------------
  code size            =       158     ------
  ecode size           =    ------     ------
  data size            =    ------     ------
  idata size           =    ------     ------
  pdata size           =    ------     ------
  xdata size           =    ------     ------
  xdata-const size     =    ------     ------
  edata size           =    ------     ------
  bit size             =    ------     ------
  ebit size            =    ------     ------
  bitaddressable size  =    ------     ------
  ebitaddressable size =    ------     ------
  far data size        =    ------     ------
  huge data size       =    ------     ------
  const size           =    ------     ------
  hconst size          =    ------     ------
End of Module Information.


C251 COMPILATION COMPLETE.  0 WARNING(S),  0 ERROR(S)
